03-08 16:33:57.351  6454  6454 I InsetsController: onStateChanged: host=PopupWindow:5a5d5d1, from=android.view.ViewRootImpl.onInsetsStateChanged:3011, state=InsetsState: {mDisplayFrame=Rect(0, 0 - 1968, 2184), mDisplayCutout=DisplayCutout{insets=Rect(0, 88 - 0, 0) waterfall=Insets{left=0, top=0, right=0, bottom=0} boundingRect={Bounds=[Rect(0, 0 - 0, 0), Rect(1450, 0 - 1520, 88), Rect(0, 0 - 0, 0), Rect(0, 0 - 0, 0)]} cutoutPathParserInfo={CutoutPathParserInfo{displayWidth=1968 displayHeight=2184 physicalDisplayWidth=1968 physicalDisplayHeight=2184 density={2.625} cutoutSpec={M 190.8571428571429,0 M 190.8571428571429,6.857142857142857 a 13.33333333333333,13.33333333333333 0 1,0 0,26.66666666666667 a 13.33333333333333,13.33333333333333 0 1,0 0,-26.66666666666667 z @dp} rotation={0} scale={1.0} physicalPixelDisplaySizeRatio={1.0}}} sideOverrides={}}, mRoundedCorners=RoundedCorners{[RoundedCorner{position=TopLeft, radius=11, center=Point(11, 11)}, RoundedCorner{position=TopRight, radius=11, center=Point(1957, 11)}, RoundedCorner{position=BottomRight, radius=11, center=Point(1957, 2173)}, RoundedCorner{position=BottomLeft, radius=11, center=Point(11, 2173)}]}  mRoundedCornerFrame=Rect(991, 0 - 1968, 638), mPrivacyIndicatorBounds=PrivacyIndicatorBounds {static bounds=Rect(1869, 0 - 1968, 89) rotation=0}, mDisplayShape=DisplayShape{ spec=-311912193 displayWidth=1968 displayHeight=2184 physicalPixelDisplaySizeRatio=1.0 rotation=0 offsetX=0 offsetY=0 scale=1.0}, mSources= { InsetsSource: {2e7b0001 mType=navigationBars mFrame=[0,2076][1968,2184] mVisible=true mFlags=FORCE_CONSUMING mSideHint=BOTTOM mBoundingRects=null}, InsetsSource: {2e7b0004 mType=systemGestures mFrame=[0,0][0,0] mVisible=true mFlags= mSideHint=NONE mBoundingRects=null}, InsetsSource: {2e7b0005 mType=mandatorySystemGestures mFrame=[0,2076][1968,2184] mVisible=true mFlags= mSideHint=BOTTOM mBoundingRects=null}, InsetsSource: {2e7b0006 mType=tappableElement mFrame=[0,2076][1968,2184] mVisible=true mFlags= mSideHint=BOTTOM mBoundingRects=null}, InsetsSource: {2e7b0024 mType=systemGestures mFrame=[0,0][0,0] mVisible=true mFlags= mSideHint=NONE mBoundingRects=null}, InsetsSource: {45f90004 mType=systemGestures mFrame=[0,0][0,0] mVisible=false mFlags= mSideHint=NONE mBoundingRects=null}, InsetsSource: {45f90005 mType=mandatorySystemGestures mFrame=[0,0][0,0] mVisible=false mFlags= mSideHint=NONE mBoundingRects=null}, InsetsSource: {45f90006 mType=tappableElement mFrame=[0,0][0,0] mVisible=false mFlags= mSideHint=NONE mBoundingRects=null}, InsetsSource: {45f90024 mType=systemGestures mFrame=[0,0][0,0] mVisible=false mFlags= mSideHint=NONE mBoundingRects=null}, InsetsSource: {58ae0000 mType=statusBars mFrame=[0,0][1968,89] mVisible=true mFlags=FORCE_CONSUMING mSideHint=TOP mBoundingRects=null}, InsetsSource: {58ae0005 mType=mandatorySystemGestures mFrame=[0,0][1968,89] mVisible=true mFlags= mSideHint=TOP mBoundingRects=null}, InsetsSource: {58ae0006 mType=tappableElement mFrame=[0,0][1968,89] mVisible=true mFlags= mSideHint=TOP mBoundingRects=null} }
03-08 16:33:57.351  6454  6454 I VRI[PopupWindow:5a5d5d1]@7c28337: synced displayState. AttachInfo displayState=2
03-08 16:33:57.351  6454  6454 I VRI[PopupWindow:5a5d5d1]@7c28337: setView = android.widget.PopupWindow$PopupDecorView@f67e836 IsHRR=false mFlingFrameRateChange=0 TM=true
03-08 16:33:57.351  6454  6476 D HWUI    : HWUI - treat SMPTE_170M as sRGB
03-08 16:33:57.351  6454  6454 E ViewDragHelper: Ignoring pointerId=0 because ACTION_DOWN was not received for this pointer before ACTION_MOVE. It likely happened because  ViewDragHelper did not receive all the events in the event stream.
03-08 16:33:57.351  6454  6454 E ViewDragHelper: Ignoring pointerId=0 because ACTION_DOWN was not received for this pointer before ACTION_MOVE. It likely happened because  ViewDragHelper did not receive all the events in the event stream.
03-08 16:33:57.351  6454  6454 E ViewDragHelper: Ignoring pointerId=0 because ACTION_DOWN was not received for this pointer before ACTION_MOVE. It likely happened because  ViewDragHelper did not receive all the events in the event stream.
03-08 16:33:57.351  6454  6454 E ViewDragHelper: Ignoring pointerId=0 because ACTION_DOWN was not received for this pointer before ACTION_MOVE. It likely happened because  ViewDragHelper did not receive all the events in the event stream.
03-08 16:33:57.354  6454  6454 W libc    : Access denied finding property "vendor.gpp.create_frc_extension"
03-08 16:33:57.354  6454  6454 I BufferQueueProducer: [](id:193600000067,api:0,p:-858901776,c:6454) setDequeueTimeout:2077252342
03-08 16:33:57.354  6454  6454 I BLASTBufferQueue_Java: new BLASTBufferQueue, mName= VRI[PopupWindow:b1247b]@84c0af1 mNativeObject= 0xb4000077bce15710 caller= android.view.ViewRootImpl.updateBlastSurfaceIfNeeded:3570 android.view.ViewRootImpl.relayoutWindow:11614 android.view.ViewRootImpl.performTraversals:4755 android.view.ViewRootImpl.doTraversal:3904 android.view.ViewRootImpl$TraversalRunnable.run:12819 android.view.Choreographer$CallbackRecord.run:1901 android.view.Choreographer$CallbackRecord.run:1910 android.view.Choreographer.doCallbacks:1367 android.view.Choreographer.doFrame:1292 android.view.Choreographer$FrameDisplayEventReceiver.run:1870 
03-08 16:33:57.354  6454  6454 I BLASTBufferQueue_Java: update, w= 108 h= 54 mName = VRI[PopupWindow:b1247b]@84c0af1 mNativeObject= 0xb4000077bce15710 sc.mNativeObject= 0xb4000078ecd281d0 format= -3 caller= android.view.ViewRootImpl.updateBlastSurfaceIfNeeded:3575 android.view.ViewRootImpl.relayoutWindow:11614 android.view.ViewRootImpl.performTraversals:4755 android.view.ViewRootImpl.doTraversal:3904 android.view.ViewRootImpl$TraversalRunnable.run:12819 android.view.Choreographer$CallbackRecord.run:1901 
03-08 16:33:57.354  6454  6454 W libc    : Access denied finding property "vendor.gpp.create_frc_extension"
03-08 16:33:57.354  6454  6454 I VRI[PopupWindow:b1247b]@84c0af1: Relayout returned: old=(1234,341,2211,979) new=(1234,341,1342,395) relayoutAsync=false req=(108,54)0 dur=1 res=0x3 s={true 0xb4000077acd71210} ch=true seqId=0
03-08 16:33:57.355  6454  6454 I VRI[PopupWindow:b1247b]@84c0af1: performConfigurationChange setNightDimText nightDimLevel=0
03-08 16:33:57.355  6454  6454 D VRI[PopupWindow:b1247b]@84c0af1: mThreadedRenderer.initialize() mSurface={isValid=true 0xb4000077acd71210} hwInitialized=true
03-08 16:33:57.355  6454  6454 D VRI[PopupWindow:b1247b]@84c0af1: reportNextDraw android.view.ViewRootImpl.performTraversals:5394 android.view.ViewRootImpl.doTraversal:3904 android.view.ViewRootImpl$TraversalRunnable.run:12819 android.view.Choreographer$CallbackRecord.run:1901 android.view.Choreographer$CallbackRecord.run:1910 
03-08 16:33:57.355  6454  6454 D VRI[PopupWindow:b1247b]@84c0af1: Setup new sync=wmsSync-VRI[PopupWindow:b1247b]@84c0af1#84
03-08 16:33:57.355  6454  6454 I VRI[PopupWindow:b1247b]@84c0af1: Creating new active sync group VRI[PopupWindow:b1247b]@84c0af1#85
03-08 16:33:57.355  6454  6454 D VRI[PopupWindow:b1247b]@84c0af1: registerCallbacksForSync syncBuffer=false
03-08 16:33:57.356  6454  6493 D VRI[PopupWindow:b1247b]@84c0af1: Received frameDrawingCallback syncResult=0 frameNum=1.
03-08 16:33:57.356  6454  6493 I VRI[PopupWindow:b1247b]@84c0af1: mWNT: t=0xb4000078cccfd010 mBlastBufferQueue=0xb4000077bce15710 fn= 1 HdrRenderState mRenderHdrSdrRatio=1.0 caller= android.view.ViewRootImpl$12.onFrameDraw:15352 android.view.ThreadedRenderer$1.onFrameDraw:718 <bottom of call stack> 
03-08 16:33:57.356  6454  6493 I VRI[PopupWindow:b1247b]@84c0af1: Setting up sync and frameCommitCallback
03-08 16:33:57.357  6454  6476 I BLASTBufferQueue: [VRI[PopupWindow:b1247b]@84c0af1#103](f:0,a:0,s:0) onFrameAvailable the first frame is available
03-08 16:33:57.357  6454  6476 I SurfaceComposerClient: apply transaction with the first frame. layerId: 2809, bufferData(ID: 27719718928816, frameNumber: 1)
03-08 16:33:57.357  6454  6476 I VRI[PopupWindow:b1247b]@84c0af1: Received frameCommittedCallback lastAttemptedDrawFrameNum=1 didProduceBuffer=true
03-08 16:33:57.357  6454  6476 D HWUI    : CFMS:: SetUp Pid : 6454    Tid : 6476
03-08 16:33:57.357  6454  6454 D VRI[PopupWindow:b1247b]@84c0af1: reportDrawFinished seqId=0
03-08 16:33:57.360  6454  6454 W libc    : Access denied finding property "vendor.gpp.create_frc_extension"
03-08 16:33:57.360  6454  6454 I BufferQueueProducer: [](id:193600000068,api:0,p:-858758640,c:6454) setDequeueTimeout:2077252342
03-08 16:33:57.360  6454  6454 I BLASTBufferQueue_Java: new BLASTBufferQueue, mName= VRI[PopupWindow:47de044]@76dfa62 mNativeObject= 0xb4000077bce126e0 caller= android.view.ViewRootImpl.updateBlastSurfaceIfNeeded:3570 android.view.ViewRootImpl.relayoutWindow:11614 android.view.ViewRootImpl.performTraversals:4755 android.view.ViewRootImpl.doTraversal:3904 android.view.ViewRootImpl$TraversalRunnable.run:12819 android.view.Choreographer$CallbackRecord.run:1901 android.view.Choreographer$CallbackRecord.run:1910 android.view.Choreographer.doCallbacks:1367 android.view.Choreographer.doFrame:1292 android.view.Choreographer$FrameDisplayEventReceiver.run:1870 
03-08 16:33:57.360  6454  6454 I BLASTBufferQueue_Java: update, w= 108 h= 54 mName = VRI[PopupWindow:47de044]@76dfa62 mNativeObject= 0xb4000077bce126e0 sc.mNativeObject= 0xb4000078ecd2b7d0 format= -3 caller= android.view.ViewRootImpl.updateBlastSurfaceIfNeeded:3575 android.view.ViewRootImpl.relayoutWindow:11614 android.view.ViewRootImpl.performTraversals:4755 android.view.ViewRootImpl.doTraversal:3904 android.view.ViewRootImpl$TraversalRunnable.run:12819 android.view.Choreographer$CallbackRecord.run:1901 
03-08 16:33:57.360  6454  6454 W libc    : Access denied finding property "vendor.gpp.create_frc_extension"
03-08 16:33:57.360  6454  6454 I VRI[PopupWindow:47de044]@76dfa62: Relayout returned: old=(1864,341,2841,979) new=(1864,341,1972,395) relayoutAsync=false req=(108,54)0 dur=2 res=0x3 s={true 0xb4000077acd08850} ch=true seqId=0
03-08 16:33:57.360  6454  6454 I VRI[PopupWindow:47de044]@76dfa62: performConfigurationChange setNightDimText nightDimLevel=0
03-08 16:33:57.360  6454  6454 D VRI[PopupWindow:47de044]@76dfa62: mThreadedRenderer.initialize() mSurface={isValid=true 0xb4000077acd08850} hwInitialized=true
03-08 16:33:57.360  6454  6454 D VRI[PopupWindow:47de044]@76dfa62: reportNextDraw android.view.ViewRootImpl.performTraversals:5394 android.view.ViewRootImpl.doTraversal:3904 android.view.ViewRootImpl$TraversalRunnable.run:12819 android.view.Choreographer$CallbackRecord.run:1901 android.view.Choreographer$CallbackRecord.run:1910 
03-08 16:33:57.360  6454  6454 D VRI[PopupWindow:47de044]@76dfa62: Setup new sync=wmsSync-VRI[PopupWindow:47de044]@76dfa62#86
03-08 16:33:57.360  6454  6454 I VRI[PopupWindow:47de044]@76dfa62: Creating new active sync group VRI[PopupWindow:47de044]@76dfa62#87
03-08 16:33:57.360  6454  6454 D VRI[PopupWindow:47de044]@76dfa62: registerCallbacksForSync syncBuffer=false
03-08 16:33:57.360  6454  6494 D VRI[PopupWindow:47de044]@76dfa62: Received frameDrawingCallback syncResult=0 frameNum=1.
03-08 16:33:57.361  6454  6494 I VRI[PopupWindow:47de044]@76dfa62: mWNT: t=0xb4000078ccd21510 mBlastBufferQueue=0xb4000077bce126e0 fn= 1 HdrRenderState mRenderHdrSdrRatio=1.0 caller= android.view.ViewRootImpl$12.onFrameDraw:15352 android.view.ThreadedRenderer$1.onFrameDraw:718 <bottom of call stack> 
03-08 16:33:57.361  6454  6494 I VRI[PopupWindow:47de044]@76dfa62: Setting up sync and frameCommitCallback
03-08 16:33:57.361  6454  6476 I BLASTBufferQueue: [VRI[PopupWindow:47de044]@76dfa62#104](f:0,a:0,s:0) onFrameAvailable the first frame is available
03-08 16:33:57.361  6454  6476 I SurfaceComposerClient: apply transaction with the first frame. layerId: 2810, bufferData(ID: 27719718928820, frameNumber: 1)
03-08 16:33:57.361  6454  6476 I VRI[PopupWindow:47de044]@76dfa62: Received frameCommittedCallback lastAttemptedDrawFrameNum=1 didProduceBuffer=true
03-08 16:33:57.361  6454  6476 D HWUI    : CFMS:: SetUp Pid : 6454    Tid : 6476
03-08 16:33:57.361  6454  6454 D VRI[PopupWindow:47de044]@76dfa62: reportDrawFinished seqId=0
03-08 16:33:57.362  6454  6454 I View    : RoundedCornerOffset Pair{0 0}
03-08 16:33:57.364  6454  6454 W libc    : Access denied finding property "vendor.gpp.create_frc_extension"
03-08 16:33:57.364  6454  6454 I BufferQueueProducer: [](id:193600000069,api:0,p:-859027248,c:6454) setDequeueTimeout:2077252342
03-08 16:33:57.364  6454  6454 I BLASTBufferQueue_Java: new BLASTBufferQueue, mName= VRI[PopupWindow:5a5d5d1]@7c28337 mNativeObject= 0xb4000077bce14700 caller= android.view.ViewRootImpl.updateBlastSurfaceIfNeeded:3570 android.view.ViewRootImpl.relayoutWindow:11614 android.view.ViewRootImpl.performTraversals:4755 android.view.ViewRootImpl.doTraversal:3904 android.view.ViewRootImpl$TraversalRunnable.run:12819 android.view.Choreographer$CallbackRecord.run:1901 android.view.Choreographer$CallbackRecord.run:1910 android.view.Choreographer.doCallbacks:1367 android.view.Choreographer.doFrame:1292 android.view.Choreographer$FrameDisplayEventReceiver.run:1870 
03-08 16:33:57.364  6454  6454 I BLASTBufferQueue_Java: update, w= 497 h= 144 mName = VRI[PopupWindow:5a5d5d1]@7c28337 mNativeObject= 0xb4000077bce14700 sc.mNativeObject= 0xb4000078ecd2c610 format= -2 caller= android.view.ViewRootImpl.updateBlastSurfaceIfNeeded:3575 android.view.ViewRootImpl.relayoutWindow:11614 android.view.ViewRootImpl.performTraversals:4755 android.view.ViewRootImpl.doTraversal:3904 android.view.ViewRootImpl$TraversalRunnable.run:12819 android.view.Choreographer$CallbackRecord.run:1901 
03-08 16:33:57.364  6454  6454 W libc    : Access denied finding property "vendor.gpp.create_frc_extension"
03-08 16:33:57.364  6454  6454 I VRI[PopupWindow:5a5d5d1]@7c28337: Relayout returned: old=(1373,202,1870,346) new=(1373,202,1870,346) relayoutAsync=false req=(497,144)0 dur=2 res=0x3 s={true 0xb4000077acd35950} ch=true seqId=0
03-08 16:33:57.364  6454  6454 I VRI[PopupWindow:5a5d5d1]@7c28337: performConfigurationChange setNightDimText nightDimLevel=0
03-08 16:33:57.364  6454  6454 D VRI[PopupWindow:5a5d5d1]@7c28337: mThreadedRenderer.initialize() mSurface={isValid=true 0xb4000077acd35950} hwInitialized=true
03-08 16:33:57.365  6454  6454 D VRI[PopupWindow:5a5d5d1]@7c28337: reportNextDraw android.view.ViewRootImpl.performTraversals:5394 android.view.ViewRootImpl.doTraversal:3904 android.view.ViewRootImpl$TraversalRunnable.run:12819 android.view.Choreographer$CallbackRecord.run:1901 android.view.Choreographer$CallbackRecord.run:1910 
03-08 16:33:57.365  6454  6454 D VRI[PopupWindow:5a5d5d1]@7c28337: Setup new sync=wmsSync-VRI[PopupWindow:5a5d5d1]@7c28337#88
03-08 16:33:57.365  6454  6454 I VRI[PopupWindow:5a5d5d1]@7c28337: Creating new active sync group VRI[PopupWindow:5a5d5d1]@7c28337#89
03-08 16:33:57.365  6454  6454 D VRI[PopupWindow:5a5d5d1]@7c28337: registerCallbacksForSync syncBuffer=false
03-08 16:33:57.365  6454  6493 D VRI[PopupWindow:5a5d5d1]@7c28337: Received frameDrawingCallback syncResult=0 frameNum=1.
03-08 16:33:57.365  6454  6493 I VRI[PopupWindow:5a5d5d1]@7c28337: mWNT: t=0xb4000078ccd0e9d0 mBlastBufferQueue=0xb4000077bce14700 fn= 1 HdrRenderState mRenderHdrSdrRatio=1.0 caller= android.view.ViewRootImpl$12.onFrameDraw:15352 android.view.ThreadedRenderer$1.onFrameDraw:718 <bottom of call stack> 
03-08 16:33:57.365  6454  6493 I VRI[PopupWindow:5a5d5d1]@7c28337: Setting up sync and frameCommitCallback
03-08 16:33:57.366  6454  6476 I BLASTBufferQueue: [VRI[PopupWindow:5a5d5d1]@7c28337#105](f:0,a:0,s:0) onFrameAvailable the first frame is available
03-08 16:33:57.366  6454  6476 I SurfaceComposerClient: apply transaction with the first frame. layerId: 2811, bufferData(ID: 27719718928827, frameNumber: 1)
03-08 16:33:57.366  6454  6476 I VRI[PopupWindow:5a5d5d1]@7c28337: Received frameCommittedCallback lastAttemptedDrawFrameNum=1 didProduceBuffer=true
03-08 16:33:57.366  6454  6476 D HWUI    : CFMS:: SetUp Pid : 6454    Tid : 6476
03-08 16:33:57.366  6454  6454 D VRI[PopupWindow:5a5d5d1]@7c28337: reportDrawFinished seqId=0
03-08 16:33:57.366  6454  6476 D HWUI    : HWUI - treat SMPTE_170M as sRGB
03-08 16:33:57.366  6454  6476 D HWUI    : HWUI - treat SMPTE_170M as sRGB
03-08 16:33:57.366  6454  6454 I VRI[PopupWindow:b1247b]@84c0af1: handleResized, frames=ClientWindowFrames{frame=[1234,341][1342,395] display=[991,89][1968,638] parentFrame=[0,0][0,0] attachedFrame=[991,0][1968,638]} displayId=0 dragResizing=false compatScale=1.0 frameChanged=false attachedFrameChanged=false configChanged=false displayChanged=false compatScaleChanged=false dragResizingChanged=false
03-08 16:33:57.366  6454  6454 I VRI[PopupWindow:b1247b]@84c0af1: handleResized mSyncSeqId = 0
03-08 16:33:57.366  6454  6454 D VRI[PopupWindow:b1247b]@84c0af1: reportNextDraw android.view.ViewRootImpl.handleResized:2968 android.view.ViewRootImpl.-$$Nest$mhandleResized:0 android.view.ViewRootImpl$W.resized:13993 android.app.servertransaction.WindowStateResizeItem.execute:93 android.app.servertransaction.WindowStateTransactionItem.execute:62 
03-08 16:33:57.366  6454  6454 E ViewDragHelper: Ignoring pointerId=0 because ACTION_DOWN was not received for this pointer before ACTION_MOVE. It likely happened because  ViewDragHelper did not receive all the events in the event stream.
03-08 16:33:57.366  6454  6454 E ViewDragHelper: Ignoring pointerId=0 because ACTION_DOWN was not received for this pointer before ACTION_MOVE. It likely happened because  ViewDragHelper did not receive all the events in the event stream.
03-08 16:33:57.366  6454  6454 E ViewDragHelper: Ignoring pointerId=0 because ACTION_DOWN was not received for this pointer before ACTION_MOVE. It likely happened because  ViewDragHelper did not receive all the events in the event stream.
03-08 16:33:57.366  6454  6454 E ViewDragHelper: Ignoring pointerId=0 because ACTION_DOWN was not received for this pointer before ACTION_MOVE. It likely happened because  ViewDragHelper did not receive all the events in the event stream.
03-08 16:33:57.366  6454  6454 I BLASTBufferQueue_Java: update, w= 108 h= 54 mName = VRI[PopupWindow:b1247b]@84c0af1 mNativeObject= 0xb4000077bce15710 sc.mNativeObject= 0xb4000078ecd281d0 format= -3 caller= android.view.ViewRootImpl.updateBlastSurfaceIfNeeded:3559 android.view.ViewRootImpl.relayoutWindow:11614 android.view.ViewRootImpl.performTraversals:4755 android.view.ViewRootImpl.doTraversal:3904 android.view.ViewRootImpl$TraversalRunnable.run:12819 android.view.Choreographer$CallbackRecord.run:1901 
03-08 16:33:57.366  6454  6454 I VRI[PopupWindow:b1247b]@84c0af1: Relayout returned: old=(1234,341,1342,395) new=(1234,341,1342,395) relayoutAsync=true req=(108,54)0 dur=0 res=0x0 s={true 0xb4000077acd71210} ch=false seqId=0
03-08 16:33:57.367  6454  6454 D VRI[PopupWindow:b1247b]@84c0af1: Setup new sync=wmsSync-VRI[PopupWindow:b1247b]@84c0af1#90
03-08 16:33:57.367  6454  6454 I VRI[PopupWindow:b1247b]@84c0af1: Creating new active sync group VRI[PopupWindow:b1247b]@84c0af1#91
03-08 16:33:57.367  6454  6454 D VRI[PopupWindow:b1247b]@84c0af1: registerCallbacksForSync syncBuffer=false
03-08 16:33:57.367  6454  6494 D VRI[PopupWindow:b1247b]@84c0af1: Received frameDrawingCallback syncResult=0 frameNum=2.
03-08 16:33:57.367  6454  6494 I VRI[PopupWindow:b1247b]@84c0af1: mWNT: t=0xb4000078ccd48950 mBlastBufferQueue=0xb4000077bce15710 fn= 2 HdrRenderState mRenderHdrSdrRatio=1.0 caller= android.view.ViewRootImpl$12.onFrameDraw:15352 android.view.ThreadedRenderer$1.onFrameDraw:718 <bottom of call stack> 
03-08 16:33:57.367  6454  6494 I VRI[PopupWindow:b1247b]@84c0af1: Setting up sync and frameCommitCallback
03-08 16:33:57.367  6454  6476 I VRI[PopupWindow:b1247b]@84c0af1: Received frameCommittedCallback lastAttemptedDrawFrameNum=2 didProduceBuffer=true
03-08 16:33:57.367  6454  6454 D VRI[PopupWindow:b1247b]@84c0af1: reportDrawFinished seqId=0
03-08 16:33:57.367  6454  6454 I BLASTBufferQueue_Java: update, w= 108 h= 54 mName = VRI[PopupWindow:47de044]@76dfa62 mNativeObject= 0xb4000077bce126e0 sc.mNativeObject= 0xb4000078ecd2b7d0 format= -3 caller= android.view.ViewRootImpl.updateBlastSurfaceIfNeeded:3559 android.view.ViewRootImpl.relayoutWindow:11614 android.view.ViewRootImpl.performTraversals:4755 android.view.ViewRootImpl.doTraversal:3904 android.view.ViewRootImpl$TraversalRunnable.run:12819 android.view.Choreographer$CallbackRecord.run:1901 
03-08 16:33:57.367  6454  6454 I VRI[PopupWindow:47de044]@76dfa62: Relayout returned: old=(1864,341,1972,395) new=(1864,341,1972,395) relayoutAsync=true req=(108,54)0 dur=0 res=0x0 s={true 0xb4000077acd08850} ch=false seqId=0
03-08 16:33:57.367  6454  6454 I VRI[PopupWindow:47de044]@76dfa62: registerCallbackForPendingTransactions
03-08 16:33:57.367  6454  6493 I VRI[PopupWindow:47de044]@76dfa62: mWNT: t=0xb4000078ccd7e650 mBlastBufferQueue=0xb4000077bce126e0 fn= 2 HdrRenderState mRenderHdrSdrRatio=1.0 caller= android.view.ViewRootImpl$10.onFrameDraw:6487 android.view.ViewRootImpl$4.onFrameDraw:2474 android.view.ThreadedRenderer$1.onFrameDraw:718 
03-08 16:33:57.368  6454  6454 I VRI[PopupWindow:47de044]@76dfa62: handleResized, frames=ClientWindowFrames{frame=[1864,341][1972,395] display=[991,89][1968,638] parentFrame=[0,0][0,0] attachedFrame=[991,0][1968,638]} displayId=0 dragResizing=false compatScale=1.0 frameChanged=false attachedFrameChanged=false configChanged=false displayChanged=false compatScaleChanged=false dragResizingChanged=false
03-08 16:33:57.368  6454  6454 I VRI[PopupWindow:47de044]@76dfa62: handleResized mSyncSeqId = 0
03-08 16:33:57.368  6454  6454 D VRI[PopupWindow:47de044]@76dfa62: reportNextDraw android.view.ViewRootImpl.handleResized:2968 android.view.ViewRootImpl.-$$Nest$mhandleResized:0 android.view.ViewRootImpl$W.resized:13993 android.app.servertransaction.WindowStateResizeItem.execute:93 android.app.servertransaction.WindowStateTransactionItem.execute:62 
03-08 16:33:57.370  6454  6454 E ViewDragHelper: Ignoring pointerId=0 because ACTION_DOWN was not received for this pointer before ACTION_MOVE. It likely happened because  ViewDragHelper did not receive all the events in the event stream.
03-08 16:33:57.370  6454  6454 E ViewDragHelper: Ignoring pointerId=0 because ACTION_DOWN was not received for this pointer before ACTION_MOVE. It likely happened because  ViewDragHelper did not receive all the events in the event stream.
03-08 16:33:57.370  6454  6454 E ViewDragHelper: Ignoring pointerId=0 because ACTION_DOWN was not received for this pointer before ACTION_MOVE. It likely happened because  ViewDragHelper did not receive all the events in the event stream.
03-08 16:33:57.370  6454  6454 E ViewDragHelper: Ignoring pointerId=0 because ACTION_DOWN was not received for this pointer before ACTION_MOVE. It likely happened because  ViewDragHelper did not receive all the events in the event stream.
03-08 16:33:57.371  6454  6454 D VRI[PopupWindow:47de044]@76dfa62: Setup new sync=wmsSync-VRI[PopupWindow:47de044]@76dfa62#92
03-08 16:33:57.371  6454  6454 I VRI[PopupWindow:47de044]@76dfa62: Creating new active sync group VRI[PopupWindow:47de044]@76dfa62#93
03-08 16:33:57.371  6454  6454 D VRI[PopupWindow:47de044]@76dfa62: registerCallbacksForSync syncBuffer=false
03-08 16:33:57.371  6454  6494 D VRI[PopupWindow:47de044]@76dfa62: Received frameDrawingCallback syncResult=0 frameNum=3.
03-08 16:33:57.371  6454  6494 I VRI[PopupWindow:47de044]@76dfa62: Setting up sync and frameCommitCallback
03-08 16:33:57.371  6454  6476 I VRI[PopupWindow:47de044]@76dfa62: Received frameCommittedCallback lastAttemptedDrawFrameNum=3 didProduceBuffer=false
03-08 16:33:57.371  6454  6476 I BLASTBufferQueue_Java: gatherPendingTransactions, mName= VRI[PopupWindow:47de044]@76dfa62 mNativeObject= 0xb4000077bce126e0 frameNumber= 3 caller= android.view.ViewRootImpl$12.lambda$onFrameDraw$3:15436 android.view.ViewRootImpl$12.$r8$lambda$CTo3ExVBk8akdVTGlqHPAoYLRVI:0 android.view.ViewRootImpl$12$$ExternalSyntheticLambda1.onFrameCommit:0 android.view.ThreadedRenderer$1.lambda$onFrameDraw$0:730 android.view.ThreadedRenderer$1$$ExternalSyntheticLambda0.onFrameCommit:0 <bottom of call stack> 
03-08 16:33:57.371  6454  6454 D VRI[PopupWindow:47de044]@76dfa62: reportDrawFinished seqId=0
03-08 16:33:57.379  6454  6454 E ViewDragHelper: Ignoring pointerId=0 because ACTION_DOWN was not received for this pointer before ACTION_MOVE. It likely happened because  ViewDragHelper did not receive all the events in the event stream.
03-08 16:33:57.379  6454  6454 E ViewDragHelper: Ignoring pointerId=0 because ACTION_DOWN was not received for this pointer before ACTION_MOVE. It likely happened because  ViewDragHelper did not receive all the events in the event stream.
03-08 16:33:57.379  6454  6454 E ViewDragHelper: Ignoring pointerId=0 because ACTION_DOWN was not received for this pointer before ACTION_MOVE. It likely happened because  ViewDragHelper did not receive all the events in the event stream.
03-08 16:33:57.379  6454  6454 E ViewDragHelper: Ignoring pointerId=0 because ACTION_DOWN was not received for this pointer before ACTION_MOVE. It likely happened because  ViewDragHelper did not receive all the events in the event stream.
03-08 16:33:57.381  6454  6454 I VRI[TermuxActivity]@ee2aa1e: ViewPostIme pointer 1
03-08 16:33:57.446  6454  6454 W WindowOnBackDispatcher: sendCancelIfRunning: isInProgress=false callback=android.widget.PopupWindow$PopupDecorView$$ExternalSyntheticLambda1@c61aad4
03-08 16:33:57.446  6454  6454 I WindowManager: WindowManagerGlobal#removeView, ty=1005, view=android.widget.PopupWindow$PopupDecorView{f67e836 V.E...... R......D 0,0-497,144}, caller=android.view.WindowManagerGlobal.removeView:654 android.view.WindowManagerImpl.removeViewImmediate:216 android.widget.PopupWindow.dismissImmediate:2417 
03-08 16:33:57.447  6454  6454 I VRI[PopupWindow:5a5d5d1]@7c28337: dispatchDetachedFromWindow
03-08 16:33:57.449  6454  6454 D InputTransport: Input channel destroyed: '9f296de', fd=180
03-08 16:33:57.682  6454  6454 I WindowManager: WindowManagerGlobal#addView, ty=1005, view=android.widget.PopupWindow$PopupDecorView{51e917 V.E...... R.....I. 0,0-0,0}, caller=android.view.WindowManagerImpl.addView:158 android.widget.PopupWindow.invokePopup:1692 android.widget.PopupWindow.showAtLocation:1418 
03-08 16:33:57.682  6454  6454 D ViewRootImpl: desktopMode is false
03-08 16:33:57.682  6454  6454 I ViewRootImpl: dVRR is disabled
03-08 16:33:57.682  6454  6476 D NativeCustomFrequencyManager: [NativeCFMS] BpCustomFrequencyManager::BpCustomFrequencyManager()
03-08 16:33:57.685  6454  6493 E perf_hint: Session ID too large, must fit 32-bit integer
03-08 16:33:57.685  6454  6454 D InputTransport: Input channel constructed: '5bcc3a8', fd=166
03-08 16:33:57.685  6454  6454 I InsetsController: onStateChanged: host=PopupWindow:5a5d5d1, from=android.view.ViewRootImpl.onInsetsStateChanged:3011, state=InsetsState: {mDisplayFrame=Rect(0, 0 - 1968, 2184), mDisplayCutout=DisplayCutout{insets=Rect(0, 88 - 0, 0) waterfall=Insets{left=0, top=0, right=0, bottom=0} boundingRect={Bounds=[Rect(0, 0 - 0, 0), Rect(1450, 0 - 1520, 88), Rect(0, 0 - 0, 0), Rect(0, 0 - 0, 0)]} cutoutPathParserInfo={CutoutPathParserInfo{displayWidth=1968 displayHeight=2184 physicalDisplayWidth=1968 physicalDisplayHeight=2184 density={2.625} cutoutSpec={M 190.8571428571429,0 M 190.8571428571429,6.857142857142857 a 13.33333333333333,13.33333333333333 0 1,0 0,26.66666666666667 a 13.33333333333333,13.33333333333333 0 1,0 0,-26.66666666666667 z @dp} rotation={0} scale={1.0} physicalPixelDisplaySizeRatio={1.0}}} sideOverrides={}}, mRoundedCorners=RoundedCorners{[RoundedCorner{position=TopLeft, radius=11, center=Point(11, 11)}, RoundedCorner{position=TopRight, radius=11, center=Point(1957, 11)}, RoundedCorner{position=BottomRight, radius=11, center=Point(1957, 2173)}, RoundedCorner{position=BottomLeft, radius=11, center=Point(11, 2173)}]}  mRoundedCornerFrame=Rect(991, 0 - 1968, 638), mPrivacyIndicatorBounds=PrivacyIndicatorBounds {static bounds=Rect(1869, 0 - 1968, 89) rotation=0}, mDisplayShape=DisplayShape{ spec=-311912193 displayWidth=1968 displayHeight=2184 physicalPixelDisplaySizeRatio=1.0 rotation=0 offsetX=0 offsetY=0 scale=1.0}, mSources= { InsetsSource: {2e7b0001 mType=navigationBars mFrame=[0,2076][1968,2184] mVisible=true mFlags=FORCE_CONSUMING mSideHint=BOTTOM mBoundingRects=null}, InsetsSource: {2e7b0004 mType=systemGestures mFrame=[0,0][0,0] mVisible=true mFlags= mSideHint=NONE mBoundingRects=null}, InsetsSource: {2e7b0005 mType=mandatorySystemGestures mFrame=[0,2076][1968,2184] mVisible=true mFlags= mSideHint=BOTTOM mBoundingRects=null}, InsetsSource: {2e7b0006 mType=tappableElement mFrame=[0,2076][1968,2184] mVisible=true mFlags= mSideHint=BOTTOM mBoundingRects=null}, InsetsSource: {2e7b0024 mType=systemGestures mFrame=[0,0][0,0] mVisible=true mFlags= mSideHint=NONE mBoundingRects=null}, InsetsSource: {45f90004 mType=systemGestures mFrame=[0,0][0,0] mVisible=false mFlags= mSideHint=NONE mBoundingRects=null}, InsetsSource: {45f90005 mType=mandatorySystemGestures mFrame=[0,0][0,0] mVisible=false mFlags= mSideHint=NONE mBoundingRects=null}, InsetsSource: {45f90006 mType=tappableElement mFrame=[0,0][0,0] mVisible=false mFlags= mSideHint=NONE mBoundingRects=null}, InsetsSource: {45f90024 mType=systemGestures mFrame=[0,0][0,0] mVisible=false mFlags= mSideHint=NONE mBoundingRects=null}, InsetsSource: {58ae0000 mType=statusBars mFrame=[0,0][1968,89] mVisible=true mFlags=FORCE_CONSUMING mSideHint=TOP mBoundingRects=null}, InsetsSource: {58ae0005 mType=mandatorySystemGestures mFrame=[0,0][1968,89] mVisible=true mFlags= mSideHint=TOP mBoundingRects=null}, InsetsSource: {58ae0006 mType=tappableElement mFrame=[0,0][1968,89] mVisible=true mFlags= mSideHint=TOP mBoundingRects=null} }
03-08 16:33:57.686  6454  6454 I VRI[PopupWindow:5a5d5d1]@6af7104: synced displayState. AttachInfo displayState=2
03-08 16:33:57.686  6454  6454 I VRI[PopupWindow:5a5d5d1]@6af7104: setView = android.widget.PopupWindow$PopupDecorView@51e917 IsHRR=false mFlingFrameRateChange=0 TM=true
03-08 16:33:57.686  6454  6476 D HWUI    : HWUI - treat SMPTE_170M as sRGB
03-08 16:33:57.690  6454  6454 W libc    : Access denied finding property "vendor.gpp.create_frc_extension"
03-08 16:33:57.690  6454  6454 I BufferQueueProducer: [](id:19360000006a,api:0,p:-858826896,c:6454) setDequeueTimeout:2077252342
03-08 16:33:57.690  6454  6454 I BLASTBufferQueue_Java: new BLASTBufferQueue, mName= VRI[PopupWindow:5a5d5d1]@6af7104 mNativeObject= 0xb4000077bceb6110 caller= android.view.ViewRootImpl.updateBlastSurfaceIfNeeded:3570 android.view.ViewRootImpl.relayoutWindow:11614 android.view.ViewRootImpl.performTraversals:4755 android.view.ViewRootImpl.doTraversal:3904 android.view.ViewRootImpl$TraversalRunnable.run:12819 android.view.Choreographer$CallbackRecord.run:1901 android.view.Choreographer$CallbackRecord.run:1910 android.view.Choreographer.doCallbacks:1367 android.view.Choreographer.doFrame:1292 android.view.Choreographer$FrameDisplayEventReceiver.run:1870 
03-08 16:33:57.690  6454  6454 I BLASTBufferQueue_Java: update, w= 497 h= 144 mName = VRI[PopupWindow:5a5d5d1]@6af7104 mNativeObject= 0xb4000077bceb6110 sc.mNativeObject= 0xb4000078ecd2c010 format= -2 caller= android.view.ViewRootImpl.updateBlastSurfaceIfNeeded:3575 android.view.ViewRootImpl.relayoutWindow:11614 android.view.ViewRootImpl.performTraversals:4755 android.view.ViewRootImpl.doTraversal:3904 android.view.ViewRootImpl$TraversalRunnable.run:12819 android.view.Choreographer$CallbackRecord.run:1901 
03-08 16:33:57.691  6454  6454 W libc    : Access denied finding property "vendor.gpp.create_frc_extension"
03-08 16:33:57.691  6454  6454 I VRI[PopupWindow:5a5d5d1]@6af7104: Relayout returned: old=(1373,202,1870,346) new=(1373,202,1870,346) relayoutAsync=false req=(497,144)0 dur=3 res=0x3 s={true 0xb4000077acd18360} ch=true seqId=0
03-08 16:33:57.691  6454  6454 I VRI[PopupWindow:5a5d5d1]@6af7104: performConfigurationChange setNightDimText nightDimLevel=0
03-08 16:33:57.691  6454  6454 D VRI[PopupWindow:5a5d5d1]@6af7104: mThreadedRenderer.initialize() mSurface={isValid=true 0xb4000077acd18360} hwInitialized=true
03-08 16:33:57.691  6454  6454 D VRI[PopupWindow:5a5d5d1]@6af7104: reportNextDraw android.view.ViewRootImpl.performTraversals:5394 android.view.ViewRootImpl.doTraversal:3904 android.view.ViewRootImpl$TraversalRunnable.run:12819 android.view.Choreographer$CallbackRecord.run:1901 android.view.Choreographer$CallbackRecord.run:1910 
03-08 16:33:57.691  6454  6454 D VRI[PopupWindow:5a5d5d1]@6af7104: Setup new sync=wmsSync-VRI[PopupWindow:5a5d5d1]@6af7104#94
03-08 16:33:57.691  6454  6454 I VRI[PopupWindow:5a5d5d1]@6af7104: Creating new active sync group VRI[PopupWindow:5a5d5d1]@6af7104#95
03-08 16:33:57.691  6454  6454 D VRI[PopupWindow:5a5d5d1]@6af7104: registerCallbacksForSync syncBuffer=false
03-08 16:33:57.692  6454  6494 D VRI[PopupWindow:5a5d5d1]@6af7104: Received frameDrawingCallback syncResult=0 frameNum=1.
03-08 16:33:57.692  6454  6494 I VRI[PopupWindow:5a5d5d1]@6af7104: mWNT: t=0xb4000078ccd6ce50 mBlastBufferQueue=0xb4000077bceb6110 fn= 1 HdrRenderState mRenderHdrSdrRatio=1.0 caller= android.view.ViewRootImpl$12.onFrameDraw:15352 android.view.ThreadedRenderer$1.onFrameDraw:718 <bottom of call stack> 
03-08 16:33:57.692  6454  6494 I VRI[PopupWindow:5a5d5d1]@6af7104: Setting up sync and frameCommitCallback
03-08 16:33:57.692  6454  6476 I BLASTBufferQueue: [VRI[PopupWindow:5a5d5d1]@6af7104#106](f:0,a:0,s:0) onFrameAvailable the first frame is available
03-08 16:33:57.692  6454  6476 I SurfaceComposerClient: apply transaction with the first frame. layerId: 2813, bufferData(ID: 27719718928829, frameNumber: 1)
03-08 16:33:57.692  6454  6476 I VRI[PopupWindow:5a5d5d1]@6af7104: Received frameCommittedCallback lastAttemptedDrawFrameNum=1 didProduceBuffer=true
03-08 16:33:57.692  6454  6476 D HWUI    : CFMS:: SetUp Pid : 6454    Tid : 6476
03-08 16:33:57.692  6454  6454 D VRI[PopupWindow:5a5d5d1]@6af7104: reportDrawFinished seqId=0
03-08 16:33:57.693  6454  6454 I VRI[PopupWindow:5a5d5d1]@6af7104: handleResized, frames=ClientWindowFrames{frame=[1373,202][1870,346] display=[991,89][1968,638] parentFrame=[0,0][0,0] attachedFrame=[991,0][1968,638]} displayId=0 dragResizing=false compatScale=1.0 frameChanged=false attachedFrameChanged=false configChanged=false displayChanged=false compatScaleChanged=false dragResizingChanged=false
03-08 16:33:57.693  6454  6454 I VRI[PopupWindow:5a5d5d1]@6af7104: handleResized mSyncSeqId = 0
03-08 16:33:57.693  6454  6454 D VRI[PopupWindow:5a5d5d1]@6af7104: reportNextDraw android.view.ViewRootImpl.handleResized:2968 android.view.ViewRootImpl.-$$Nest$mhandleResized:0 android.view.ViewRootImpl$W.resized:13993 android.app.servertransaction.WindowStateResizeItem.execute:93 android.app.servertransaction.WindowStateTransactionItem.execute:62 
03-08 16:33:57.695  6454  6454 D VRI[PopupWindow:5a5d5d1]@6af7104: Setup new sync=wmsSync-VRI[PopupWindow:5a5d5d1]@6af7104#96
03-08 16:33:57.695  6454  6454 I VRI[PopupWindow:5a5d5d1]@6af7104: Creating new active sync group VRI[PopupWindow:5a5d5d1]@6af7104#97
03-08 16:33:57.695  6454  6454 D VRI[PopupWindow:5a5d5d1]@6af7104: registerCallbacksForSync syncBuffer=false
03-08 16:33:57.696  6454  6493 D VRI[PopupWindow:5a5d5d1]@6af7104: Received frameDrawingCallback syncResult=0 frameNum=2.
03-08 16:33:57.696  6454  6493 I VRI[PopupWindow:5a5d5d1]@6af7104: Setting up sync and frameCommitCallback
03-08 16:33:57.696  6454  6476 I VRI[PopupWindow:5a5d5d1]@6af7104: Received frameCommittedCallback lastAttemptedDrawFrameNum=2 didProduceBuffer=true
03-08 16:33:57.697  6454  6454 D VRI[PopupWindow:5a5d5d1]@6af7104: reportDrawFinished seqId=0
03-08 16:33:58.694  6454  6454 I VRI[PopupWindow:b1247b]@84c0af1: ViewPostIme pointer 0
03-08 16:33:58.694  6454  6454 I VRI[PopupWindow:b1247b]@84c0af1: call setFrameRateCategory for touch hint category=high hint, reason=touch, vri=VRI[PopupWindow:b1247b]@84c0af1
03-08 16:33:58.721  6454  6454 I BLASTBufferQueue_Java: update, w= 108 h= 54 mName = VRI[PopupWindow:b1247b]@84c0af1 mNativeObject= 0xb4000077bce15710 sc.mNativeObject= 0xb4000078ecd281d0 format= -3 caller= android.view.ViewRootImpl.updateBlastSurfaceIfNeeded:3559 android.view.ViewRootImpl.relayoutWindow:11614 android.view.ViewRootImpl.performTraversals:4755 android.view.ViewRootImpl.doTraversal:3904 android.view.ViewRootImpl$TraversalRunnable.run:12819 android.view.Choreographer$CallbackRecord.run:1901 
03-08 16:33:58.721  6454  6454 I VRI[PopupWindow:b1247b]@84c0af1: Relayout returned: old=(1234,341,1342,395) new=(1234,305,1342,359) relayoutAsync=true req=(108,54)0 dur=1 res=0x0 s={true 0xb4000077acd71210} ch=false seqId=0
03-08 16:33:58.721  6454  6454 I VRI[PopupWindow:b1247b]@84c0af1: registerCallbackForPendingTransactions
03-08 16:33:58.722  6454  6454 I View    : RoundedCornerOffset Pair{0 0}
03-08 16:33:58.722  6454  6494 I VRI[PopupWindow:b1247b]@84c0af1: mWNT: t=0xb4000078ccd24ed0 mBlastBufferQueue=0xb4000077bce15710 fn= 3 HdrRenderState mRenderHdrSdrRatio=1.0 caller= android.view.ViewRootImpl$10.onFrameDraw:6487 android.view.ViewRootImpl$4.onFrameDraw:2474 android.view.ThreadedRenderer$1.onFrameDraw:718 
03-08 16:33:58.737  6454  6454 I View    : RoundedCornerOffset Pair{0 0}
03-08 16:33:58.754  6454  6454 I BLASTBufferQueue_Java: update, w= 108 h= 54 mName = VRI[PopupWindow:b1247b]@84c0af1 mNativeObject= 0xb4000077bce15710 sc.mNativeObject= 0xb4000078ecd281d0 format= -3 caller= android.view.ViewRootImpl.updateBlastSurfaceIfNeeded:3559 android.view.ViewRootImpl.relayoutWindow:11614 android.view.ViewRootImpl.performTraversals:4755 android.view.ViewRootImpl.doTraversal:3904 android.view.ViewRootImpl$TraversalRunnable.run:12819 android.view.Choreographer$CallbackRecord.run:1901 
03-08 16:33:58.754  6454  6454 I VRI[PopupWindow:b1247b]@84c0af1: Relayout returned: old=(1234,305,1342,359) new=(1216,305,1324,359) relayoutAsync=true req=(108,54)0 dur=0 res=0x0 s={true 0xb4000077acd71210} ch=false seqId=0
03-08 16:33:58.754  6454  6454 I VRI[PopupWindow:b1247b]@84c0af1: registerCallbackForPendingTransactions
03-08 16:33:58.754  6454  6493 I VRI[PopupWindow:b1247b]@84c0af1: mWNT: t=0xb4000078ccd04010 mBlastBufferQueue=0xb4000077bce15710 fn= 4 HdrRenderState mRenderHdrSdrRatio=1.0 caller= android.view.ViewRootImpl$10.onFrameDraw:6487 android.view.ViewRootImpl$4.onFrameDraw:2474 android.view.ThreadedRenderer$1.onFrameDraw:718 
03-08 16:33:58.755  6454  6454 I View    : RoundedCornerOffset Pair{0 0}
03-08 16:33:58.771  6454  6454 I View    : RoundedCornerOffset Pair{0 0}
03-08 16:33:58.788  6454  6454 I View    : RoundedCornerOffset Pair{0 0}
03-08 16:33:58.796  6454  6454 I BLASTBufferQueue_Java: update, w= 108 h= 54 mName = VRI[PopupWindow:b1247b]@84c0af1 mNativeObject= 0xb4000077bce15710 sc.mNativeObject= 0xb4000078ecd281d0 format= -3 caller= android.view.ViewRootImpl.updateBlastSurfaceIfNeeded:3559 android.view.ViewRootImpl.relayoutWindow:11614 android.view.ViewRootImpl.performTraversals:4755 android.view.ViewRootImpl.doTraversal:3904 android.view.ViewRootImpl$TraversalRunnable.run:12819 android.view.Choreographer$CallbackRecord.run:1901 
03-08 16:33:58.796  6454  6454 I VRI[PopupWindow:b1247b]@84c0af1: Relayout returned: old=(1216,305,1324,359) new=(1198,305,1306,359) relayoutAsync=true req=(108,54)0 dur=0 res=0x0 s={true 0xb4000077acd71210} ch=false seqId=0
03-08 16:33:58.796  6454  6454 I VRI[PopupWindow:b1247b]@84c0af1: registerCallbackForPendingTransactions
03-08 16:33:58.797  6454  6494 I VRI[PopupWindow:b1247b]@84c0af1: mWNT: t=0xb4000078ccd2ad50 mBlastBufferQueue=0xb4000077bce15710 fn= 5 HdrRenderState mRenderHdrSdrRatio=1.0 caller= android.view.ViewRootImpl$10.onFrameDraw:6487 android.view.ViewRootImpl$4.onFrameDraw:2474 android.view.ThreadedRenderer$1.onFrameDraw:718 
03-08 16:33:58.804  6454  6454 I View    : RoundedCornerOffset Pair{0 0}
03-08 16:33:58.812  6454  6454 W WindowOnBackDispatcher: sendCancelIfRunning: isInProgress=false callback=android.widget.PopupWindow$PopupDecorView$$ExternalSyntheticLambda1@701ffb3
03-08 16:33:58.812  6454  6454 I WindowManager: WindowManagerGlobal#removeView, ty=1005, view=android.widget.PopupWindow$PopupDecorView{51e917 V.E...... R......D 0,0-497,144}, caller=android.view.WindowManagerGlobal.removeView:654 android.view.WindowManagerImpl.removeViewImmediate:216 android.widget.PopupWindow.dismissImmediate:2417 
03-08 16:33:58.813  6454  6454 I VRI[PopupWindow:5a5d5d1]@6af7104: dispatchDetachedFromWindow
03-08 16:33:58.815  6454  6454 D InputTransport: Input channel destroyed: '5bcc3a8', fd=166
03-08 16:33:58.821  6454  6454 I BLASTBufferQueue_Java: update, w= 108 h= 54 mName = VRI[PopupWindow:b1247b]@84c0af1 mNativeObject= 0xb4000077bce15710 sc.mNativeObject= 0xb4000078ecd281d0 format= -3 caller= android.view.ViewRootImpl.updateBlastSurfaceIfNeeded:3559 android.view.ViewRootImpl.relayoutWindow:11614 android.view.ViewRootImpl.performTraversals:4755 android.view.ViewRootImpl.doTraversal:3904 android.view.ViewRootImpl$TraversalRunnable.run:12819 android.view.Choreographer$CallbackRecord.run:1901 
03-08 16:33:58.821  6454  6454 I VRI[PopupWindow:b1247b]@84c0af1: Relayout returned: old=(1198,305,1306,359) new=(1180,305,1288,359) relayoutAsync=true req=(108,54)0 dur=0 res=0x0 s={true 0xb4000077acd71210} ch=false seqId=0
03-08 16:33:58.821  6454  6454 I VRI[PopupWindow:b1247b]@84c0af1: registerCallbackForPendingTransactions
03-08 16:33:58.821  6454  6493 I VRI[PopupWindow:b1247b]@84c0af1: mWNT: t=0xb4000078ccd59a50 mBlastBufferQueue=0xb4000077bce15710 fn= 6 HdrRenderState mRenderHdrSdrRatio=1.0 caller= android.view.ViewRootImpl$10.onFrameDraw:6487 android.view.ViewRootImpl$4.onFrameDraw:2474 android.view.ThreadedRenderer$1.onFrameDraw:718 
03-08 16:33:58.822  6454  6454 I View    : RoundedCornerOffset Pair{0 0}
03-08 16:33:58.837  6454  6454 I BLASTBufferQueue_Java: update, w= 108 h= 54 mName = VRI[PopupWindow:b1247b]@84c0af1 mNativeObject= 0xb4000077bce15710 sc.mNativeObject= 0xb4000078ecd281d0 format= -3 caller= android.view.ViewRootImpl.updateBlastSurfaceIfNeeded:3559 android.view.ViewRootImpl.relayoutWindow:11614 android.view.ViewRootImpl.performTraversals:4755 android.view.ViewRootImpl.doTraversal:3904 android.view.ViewRootImpl$TraversalRunnable.run:12819 android.view.Choreographer$CallbackRecord.run:1901 
03-08 16:33:58.837  6454  6454 I VRI[PopupWindow:b1247b]@84c0af1: Relayout returned: old=(1180,305,1288,359) new=(1162,305,1270,359) relayoutAsync=true req=(108,54)0 dur=0 res=0x0 s={true 0xb4000077acd71210} ch=false seqId=0
03-08 16:33:58.837  6454  6454 I VRI[PopupWindow:b1247b]@84c0af1: registerCallbackForPendingTransactions
03-08 16:33:58.838  6454  6494 I VRI[PopupWindow:b1247b]@84c0af1: mWNT: t=0xb4000078ccd97390 mBlastBufferQueue=0xb4000077bce15710 fn= 7 HdrRenderState mRenderHdrSdrRatio=1.0 caller= android.view.ViewRootImpl$10.onFrameDraw:6487 android.view.ViewRootImpl$4.onFrameDraw:2474 android.view.ThreadedRenderer$1.onFrameDraw:718 
03-08 16:33:58.838  6454  6454 I View    : RoundedCornerOffset Pair{0 0}
03-08 16:33:58.854  6454  6454 I BLASTBufferQueue_Java: update, w= 108 h= 54 mName = VRI[PopupWindow:b1247b]@84c0af1 mNativeObject= 0xb4000077bce15710 sc.mNativeObject= 0xb4000078ecd281d0 format= -3 caller= android.view.ViewRootImpl.updateBlastSurfaceIfNeeded:3559 android.view.ViewRootImpl.relayoutWindow:11614 android.view.ViewRootImpl.performTraversals:4755 android.view.ViewRootImpl.doTraversal:3904 android.view.ViewRootImpl$TraversalRunnable.run:12819 android.view.Choreographer$CallbackRecord.run:1901 
03-08 16:33:58.854  6454  6454 I VRI[PopupWindow:b1247b]@84c0af1: Relayout returned: old=(1162,305,1270,359) new=(1144,305,1252,359) relayoutAsync=true req=(108,54)0 dur=0 res=0x0 s={true 0xb4000077acd71210} ch=false seqId=0
03-08 16:33:58.854  6454  6454 I VRI[PopupWindow:b1247b]@84c0af1: registerCallbackForPendingTransactions
03-08 16:33:58.854  6454  6493 I VRI[PopupWindow:b1247b]@84c0af1: mWNT: t=0xb4000078ccd95250 mBlastBufferQueue=0xb4000077bce15710 fn= 8 HdrRenderState mRenderHdrSdrRatio=1.0 caller= android.view.ViewRootImpl$10.onFrameDraw:6487 android.view.ViewRootImpl$4.onFrameDraw:2474 android.view.ThreadedRenderer$1.onFrameDraw:718 
03-08 16:33:58.855  6454  6454 I View    : RoundedCornerOffset Pair{0 0}
03-08 16:33:58.862  6454  6454 I BLASTBufferQueue_Java: update, w= 108 h= 54 mName = VRI[PopupWindow:b1247b]@84c0af1 mNativeObject= 0xb4000077bce15710 sc.mNativeObject= 0xb4000078ecd281d0 format= -3 caller= android.view.ViewRootImpl.updateBlastSurfaceIfNeeded:3559 android.view.ViewRootImpl.relayoutWindow:11614 android.view.ViewRootImpl.performTraversals:4755 android.view.ViewRootImpl.doTraversal:3904 android.view.ViewRootImpl$TraversalRunnable.run:12819 android.view.Choreographer$CallbackRecord.run:1901 
03-08 16:33:58.862  6454  6454 I VRI[PopupWindow:b1247b]@84c0af1: Relayout returned: old=(1144,305,1252,359) new=(1126,305,1234,359) relayoutAsync=true req=(108,54)0 dur=0 res=0x0 s={true 0xb4000077acd71210} ch=false seqId=0
03-08 16:33:58.862  6454  6454 I VRI[PopupWindow:b1247b]@84c0af1: registerCallbackForPendingTransactions
03-08 16:33:58.862  6454  6494 I VRI[PopupWindow:b1247b]@84c0af1: mWNT: t=0xb4000078cccf8d90 mBlastBufferQueue=0xb4000077bce15710 fn= 9 HdrRenderState mRenderHdrSdrRatio=1.0 caller= android.view.ViewRootImpl$10.onFrameDraw:6487 android.view.ViewRootImpl$4.onFrameDraw:2474 android.view.ThreadedRenderer$1.onFrameDraw:718 
03-08 16:33:58.871  6454  6454 I View    : RoundedCornerOffset Pair{0 0}
03-08 16:33:58.879  6454  6454 I BLASTBufferQueue_Java: update, w= 108 h= 54 mName = VRI[PopupWindow:b1247b]@84c0af1 mNativeObject= 0xb4000077bce15710 sc.mNativeObject= 0xb4000078ecd281d0 format= -3 caller= android.view.ViewRootImpl.updateBlastSurfaceIfNeeded:3559 android.view.ViewRootImpl.relayoutWindow:11614 android.view.ViewRootImpl.performTraversals:4755 android.view.ViewRootImpl.doTraversal:3904 android.view.ViewRootImpl$TraversalRunnable.run:12819 android.view.Choreographer$CallbackRecord.run:1901 
03-08 16:33:58.879  6454  6454 I VRI[PopupWindow:b1247b]@84c0af1: Relayout returned: old=(1126,305,1234,359) new=(1072,269,1180,323) relayoutAsync=true req=(108,54)0 dur=0 res=0x0 s={true 0xb4000077acd71210} ch=false seqId=0
03-08 16:33:58.879  6454  6454 I VRI[PopupWindow:b1247b]@84c0af1: registerCallbackForPendingTransactions
03-08 16:33:58.880  6454  6493 I VRI[PopupWindow:b1247b]@84c0af1: mWNT: t=0xb4000078ccd0a750 mBlastBufferQueue=0xb4000077bce15710 fn= 10 HdrRenderState mRenderHdrSdrRatio=1.0 caller= android.view.ViewRootImpl$10.onFrameDraw:6487 android.view.ViewRootImpl$4.onFrameDraw:2474 android.view.ThreadedRenderer$1.onFrameDraw:718 
03-08 16:33:58.887  6454  6454 I View    : RoundedCornerOffset Pair{0 0}
03-08 16:33:58.888  6454  6454 I BLASTBufferQueue_Java: update, w= 108 h= 54 mName = VRI[PopupWindow:b1247b]@84c0af1 mNativeObject= 0xb4000077bce15710 sc.mNativeObject= 0xb4000078ecd281d0 format= -3 caller= android.view.ViewRootImpl.updateBlastSurfaceIfNeeded:3559 android.view.ViewRootImpl.relayoutWindow:11614 android.view.ViewRootImpl.performTraversals:4755 android.view.ViewRootImpl.doTraversal:3904 android.view.ViewRootImpl$TraversalRunnable.run:12819 android.view.Choreographer$CallbackRecord.run:1901 
03-08 16:33:58.888  6454  6454 I VRI[PopupWindow:b1247b]@84c0af1: Relayout returned: old=(1072,269,1180,323) new=(1054,269,1162,323) relayoutAsync=true req=(108,54)0 dur=0 res=0x0 s={true 0xb4000077acd71210} ch=false seqId=0
03-08 16:33:58.888  6454  6454 I VRI[PopupWindow:b1247b]@84c0af1: registerCallbackForPendingTransactions
03-08 16:33:58.889  6454  6494 I VRI[PopupWindow:b1247b]@84c0af1: mWNT: t=0xb4000078cccfc3d0 mBlastBufferQueue=0xb4000077bce15710 fn= 11 HdrRenderState mRenderHdrSdrRatio=1.0 caller= android.view.ViewRootImpl$10.onFrameDraw:6487 android.view.ViewRootImpl$4.onFrameDraw:2474 android.view.ThreadedRenderer$1.onFrameDraw:718 
03-08 16:33:58.896  6454  6454 I BLASTBufferQueue_Java: update, w= 108 h= 54 mName = VRI[PopupWindow:b1247b]@84c0af1 mNativeObject= 0xb4000077bce15710 sc.mNativeObject= 0xb4000078ecd281d0 format= -3 caller= android.view.ViewRootImpl.updateBlastSurfaceIfNeeded:3559 android.view.ViewRootImpl.relayoutWindow:11614 android.view.ViewRootImpl.performTraversals:4755 android.view.ViewRootImpl.doTraversal:3904 android.view.ViewRootImpl$TraversalRunnable.run:12819 android.view.Choreographer$CallbackRecord.run:1901 
03-08 16:33:58.896  6454  6454 I VRI[PopupWindow:b1247b]@84c0af1: Relayout returned: old=(1054,269,1162,323) new=(1036,269,1144,323) relayoutAsync=true req=(108,54)0 dur=0 res=0x0 s={true 0xb4000077acd71210} ch=false seqId=0
03-08 16:33:58.896  6454  6454 I VRI[PopupWindow:b1247b]@84c0af1: registerCallbackForPendingTransactions
03-08 16:33:58.897  6454  6493 I VRI[PopupWindow:b1247b]@84c0af1: mWNT: t=0xb4000078ccd27390 mBlastBufferQueue=0xb4000077bce15710 fn= 12 HdrRenderState mRenderHdrSdrRatio=1.0 caller= android.view.ViewRootImpl$10.onFrameDraw:6487 android.view.ViewRootImpl$4.onFrameDraw:2474 android.view.ThreadedRenderer$1.onFrameDraw:718 
03-08 16:33:58.904  6454  6454 I View    : RoundedCornerOffset Pair{0 0}
03-08 16:33:58.904  6454  6454 I BLASTBufferQueue_Java: update, w= 108 h= 54 mName = VRI[PopupWindow:b1247b]@84c0af1 mNativeObject= 0xb4000077bce15710 sc.mNativeObject= 0xb4000078ecd281d0 format= -3 caller= android.view.ViewRootImpl.updateBlastSurfaceIfNeeded:3559 android.view.ViewRootImpl.relayoutWindow:11614 android.view.ViewRootImpl.performTraversals:4755 android.view.ViewRootImpl.doTraversal:3904 android.view.ViewRootImpl$TraversalRunnable.run:12819 android.view.Choreographer$CallbackRecord.run:1901 
03-08 16:33:58.904  6454  6454 I VRI[PopupWindow:b1247b]@84c0af1: Relayout returned: old=(1036,269,1144,323) new=(1000,269,1108,323) relayoutAsync=true req=(108,54)0 dur=0 res=0x0 s={true 0xb4000077acd71210} ch=false seqId=0
