03-08 16:33:58.905  6454  6454 I VRI[PopupWindow:b1247b]@84c0af1: registerCallbackForPendingTransactions
03-08 16:33:58.905  6454  6494 I VRI[PopupWindow:b1247b]@84c0af1: mWNT: t=0xb4000078ccd68150 mBlastBufferQueue=0xb4000077bce15710 fn= 13 HdrRenderState mRenderHdrSdrRatio=1.0 caller= android.view.ViewRootImpl$10.onFrameDraw:6487 android.view.ViewRootImpl$4.onFrameDraw:2474 android.view.ThreadedRenderer$1.onFrameDraw:718 
03-08 16:33:58.913  6454  6454 I BLASTBufferQueue_Java: update, w= 108 h= 54 mName = VRI[PopupWindow:b1247b]@84c0af1 mNativeObject= 0xb4000077bce15710 sc.mNativeObject= 0xb4000078ecd281d0 format= -3 caller= android.view.ViewRootImpl.updateBlastSurfaceIfNeeded:3559 android.view.ViewRootImpl.relayoutWindow:11614 android.view.ViewRootImpl.performTraversals:4755 android.view.ViewRootImpl.doTraversal:3904 android.view.ViewRootImpl$TraversalRunnable.run:12819 android.view.Choreographer$CallbackRecord.run:1901 
03-08 16:33:58.913  6454  6454 I VRI[PopupWindow:b1247b]@84c0af1: Relayout returned: old=(1000,269,1108,323) new=(982,233,1090,287) relayoutAsync=true req=(108,54)0 dur=0 res=0x0 s={true 0xb4000077acd71210} ch=false seqId=0
03-08 16:33:58.913  6454  6454 I VRI[PopupWindow:b1247b]@84c0af1: registerCallbackForPendingTransactions
03-08 16:33:58.914  6454  6493 I VRI[PopupWindow:b1247b]@84c0af1: mWNT: t=0xb4000078cccf3d10 mBlastBufferQueue=0xb4000077bce15710 fn= 14 HdrRenderState mRenderHdrSdrRatio=1.0 caller= android.view.ViewRootImpl$10.onFrameDraw:6487 android.view.ViewRootImpl$4.onFrameDraw:2474 android.view.ThreadedRenderer$1.onFrameDraw:718 
03-08 16:33:58.921  6454  6454 I View    : RoundedCornerOffset Pair{0 0}
03-08 16:33:58.921  6454  6454 I BLASTBufferQueue_Java: update, w= 108 h= 54 mName = VRI[PopupWindow:b1247b]@84c0af1 mNativeObject= 0xb4000077bce15710 sc.mNativeObject= 0xb4000078ecd281d0 format= -3 caller= android.view.ViewRootImpl.updateBlastSurfaceIfNeeded:3559 android.view.ViewRootImpl.relayoutWindow:11614 android.view.ViewRootImpl.performTraversals:4755 android.view.ViewRootImpl.doTraversal:3904 android.view.ViewRootImpl$TraversalRunnable.run:12819 android.view.Choreographer$CallbackRecord.run:1901 
03-08 16:33:58.921  6454  6454 I VRI[PopupWindow:b1247b]@84c0af1: Relayout returned: old=(982,233,1090,287) new=(964,233,1072,287) relayoutAsync=true req=(108,54)0 dur=0 res=0x0 s={true 0xb4000077acd71210} ch=false seqId=0
03-08 16:33:58.921  6454  6454 I VRI[PopupWindow:b1247b]@84c0af1: registerCallbackForPendingTransactions
03-08 16:33:58.922  6454  6494 I VRI[PopupWindow:b1247b]@84c0af1: mWNT: t=0xb4000078cccf0a50 mBlastBufferQueue=0xb4000077bce15710 fn= 15 HdrRenderState mRenderHdrSdrRatio=1.0 caller= android.view.ViewRootImpl$10.onFrameDraw:6487 android.view.ViewRootImpl$4.onFrameDraw:2474 android.view.ThreadedRenderer$1.onFrameDraw:718 
03-08 16:33:58.929  6454  6454 I BLASTBufferQueue_Java: update, w= 108 h= 54 mName = VRI[PopupWindow:b1247b]@84c0af1 mNativeObject= 0xb4000077bce15710 sc.mNativeObject= 0xb4000078ecd281d0 format= -3 caller= android.view.ViewRootImpl.updateBlastSurfaceIfNeeded:3559 android.view.ViewRootImpl.relayoutWindow:11614 android.view.ViewRootImpl.performTraversals:4755 android.view.ViewRootImpl.doTraversal:3904 android.view.ViewRootImpl$TraversalRunnable.run:12819 android.view.Choreographer$CallbackRecord.run:1901 
03-08 16:33:58.929  6454  6454 I VRI[PopupWindow:b1247b]@84c0af1: Relayout returned: old=(964,233,1072,287) new=(946,233,1054,287) relayoutAsync=true req=(108,54)0 dur=0 res=0x0 s={true 0xb4000077acd71210} ch=false seqId=0
03-08 16:33:58.930  6454  6454 I VRI[PopupWindow:b1247b]@84c0af1: registerCallbackForPendingTransactions
03-08 16:33:58.930  6454  6493 I VRI[PopupWindow:b1247b]@84c0af1: mWNT: t=0xb4000078ccd65ad0 mBlastBufferQueue=0xb4000077bce15710 fn= 16 HdrRenderState mRenderHdrSdrRatio=1.0 caller= android.view.ViewRootImpl$10.onFrameDraw:6487 android.view.ViewRootImpl$4.onFrameDraw:2474 android.view.ThreadedRenderer$1.onFrameDraw:718 
03-08 16:33:58.937  6454  6454 I View    : RoundedCornerOffset Pair{0 0}
03-08 16:33:58.938  6454  6454 I BLASTBufferQueue_Java: update, w= 108 h= 54 mName = VRI[PopupWindow:b1247b]@84c0af1 mNativeObject= 0xb4000077bce15710 sc.mNativeObject= 0xb4000078ecd281d0 format= -3 caller= android.view.ViewRootImpl.updateBlastSurfaceIfNeeded:3559 android.view.ViewRootImpl.relayoutWindow:11614 android.view.ViewRootImpl.performTraversals:4755 android.view.ViewRootImpl.doTraversal:3904 android.view.ViewRootImpl$TraversalRunnable.run:12819 android.view.Choreographer$CallbackRecord.run:1901 
03-08 16:33:58.938  6454  6454 I VRI[PopupWindow:b1247b]@84c0af1: Relayout returned: old=(946,233,1054,287) new=(928,197,1036,251) relayoutAsync=true req=(108,54)0 dur=0 res=0x0 s={true 0xb4000077acd71210} ch=false seqId=0
03-08 16:33:58.938  6454  6454 I VRI[PopupWindow:b1247b]@84c0af1: registerCallbackForPendingTransactions
03-08 16:33:58.939  6454  6494 I VRI[PopupWindow:b1247b]@84c0af1: mWNT: t=0xb4000078ccd5c7d0 mBlastBufferQueue=0xb4000077bce15710 fn= 17 HdrRenderState mRenderHdrSdrRatio=1.0 caller= android.view.ViewRootImpl$10.onFrameDraw:6487 android.view.ViewRootImpl$4.onFrameDraw:2474 android.view.ThreadedRenderer$1.onFrameDraw:718 
03-08 16:33:58.946  6454  6454 I BLASTBufferQueue_Java: update, w= 108 h= 54 mName = VRI[PopupWindow:b1247b]@84c0af1 mNativeObject= 0xb4000077bce15710 sc.mNativeObject= 0xb4000078ecd281d0 format= -3 caller= android.view.ViewRootImpl.updateBlastSurfaceIfNeeded:3559 android.view.ViewRootImpl.relayoutWindow:11614 android.view.ViewRootImpl.performTraversals:4755 android.view.ViewRootImpl.doTraversal:3904 android.view.ViewRootImpl$TraversalRunnable.run:12819 android.view.Choreographer$CallbackRecord.run:1901 
03-08 16:33:58.946  6454  6454 I VRI[PopupWindow:b1247b]@84c0af1: Relayout returned: old=(928,197,1036,251) new=(910,197,1018,251) relayoutAsync=true req=(108,54)0 dur=0 res=0x0 s={true 0xb4000077acd71210} ch=false seqId=0
03-08 16:33:58.946  6454  6454 I VRI[PopupWindow:b1247b]@84c0af1: registerCallbackForPendingTransactions
03-08 16:33:58.947  6454  6454 I VRI[PopupWindow:b1247b]@84c0af1: ViewPostIme pointer 1
03-08 16:33:58.947  6454  6493 I VRI[PopupWindow:b1247b]@84c0af1: mWNT: t=0xb4000078cccdafd0 mBlastBufferQueue=0xb4000077bce15710 fn= 18 HdrRenderState mRenderHdrSdrRatio=1.0 caller= android.view.ViewRootImpl$10.onFrameDraw:6487 android.view.ViewRootImpl$4.onFrameDraw:2474 android.view.ThreadedRenderer$1.onFrameDraw:718 
03-08 16:33:58.954  6454  6454 I View    : RoundedCornerOffset Pair{0 0}
03-08 16:33:59.248  6454  6454 I WindowManager: WindowManagerGlobal#addView, ty=1005, view=android.widget.PopupWindow$PopupDecorView{c97b446 V.E...... R.....I. 0,0-0,0}, caller=android.view.WindowManagerImpl.addView:158 android.widget.PopupWindow.invokePopup:1692 android.widget.PopupWindow.showAtLocation:1418 
03-08 16:33:59.248  6454  6454 D ViewRootImpl: desktopMode is false
03-08 16:33:59.249  6454  6454 I ViewRootImpl: dVRR is disabled
03-08 16:33:59.249  6454  6476 D NativeCustomFrequencyManager: [NativeCFMS] BpCustomFrequencyManager::BpCustomFrequencyManager()
03-08 16:33:59.252  6454  6494 E perf_hint: Session ID too large, must fit 32-bit integer
03-08 16:33:59.252  6454  6454 D InputTransport: Input channel constructed: '5dca31 ', fd=157
03-08 16:33:59.253  6454  6454 I InsetsController: onStateChanged: host=PopupWindow:5a5d5d1, from=android.view.ViewRootImpl.onInsetsStateChanged:3011, state=InsetsState: {mDisplayFrame=Rect(0, 0 - 1968, 2184), mDisplayCutout=DisplayCutout{insets=Rect(0, 88 - 0, 0) waterfall=Insets{left=0, top=0, right=0, bottom=0} boundingRect={Bounds=[Rect(0, 0 - 0, 0), Rect(1450, 0 - 1520, 88), Rect(0, 0 - 0, 0), Rect(0, 0 - 0, 0)]} cutoutPathParserInfo={CutoutPathParserInfo{displayWidth=1968 displayHeight=2184 physicalDisplayWidth=1968 physicalDisplayHeight=2184 density={2.625} cutoutSpec={M 190.8571428571429,0 M 190.8571428571429,6.857142857142857 a 13.33333333333333,13.33333333333333 0 1,0 0,26.66666666666667 a 13.33333333333333,13.33333333333333 0 1,0 0,-26.66666666666667 z @dp} rotation={0} scale={1.0} physicalPixelDisplaySizeRatio={1.0}}} sideOverrides={}}, mRoundedCorners=RoundedCorners{[RoundedCorner{position=TopLeft, radius=11, center=Point(11, 11)}, RoundedCorner{position=TopRight, radius=11, center=Point(1957, 11)}, RoundedCorner{position=BottomRight, radius=11, center=Point(1957, 2173)}, RoundedCorner{position=BottomLeft, radius=11, center=Point(11, 2173)}]}  mRoundedCornerFrame=Rect(991, 0 - 1968, 638), mPrivacyIndicatorBounds=PrivacyIndicatorBounds {static bounds=Rect(1869, 0 - 1968, 89) rotation=0}, mDisplayShape=DisplayShape{ spec=-311912193 displayWidth=1968 displayHeight=2184 physicalPixelDisplaySizeRatio=1.0 rotation=0 offsetX=0 offsetY=0 scale=1.0}, mSources= { InsetsSource: {2e7b0001 mType=navigationBars mFrame=[0,2076][1968,2184] mVisible=true mFlags=FORCE_CONSUMING mSideHint=BOTTOM mBoundingRects=null}, InsetsSource: {2e7b0004 mType=systemGestures mFrame=[0,0][0,0] mVisible=true mFlags= mSideHint=NONE mBoundingRects=null}, InsetsSource: {2e7b0005 mType=mandatorySystemGestures mFrame=[0,2076][1968,2184] mVisible=true mFlags= mSideHint=BOTTOM mBoundingRects=null}, InsetsSource: {2e7b0006 mType=tappableElement mFrame=[0,2076][1968,2184] mVisible=true mFlags= mSideHint=BOTTOM mBoundingRects=null}, InsetsSource: {2e7b0024 mType=systemGestures mFrame=[0,0][0,0] mVisible=true mFlags= mSideHint=NONE mBoundingRects=null}, InsetsSource: {45f90004 mType=systemGestures mFrame=[0,0][0,0] mVisible=false mFlags= mSideHint=NONE mBoundingRects=null}, InsetsSource: {45f90005 mType=mandatorySystemGestures mFrame=[0,0][0,0] mVisible=false mFlags= mSideHint=NONE mBoundingRects=null}, InsetsSource: {45f90006 mType=tappableElement mFrame=[0,0][0,0] mVisible=false mFlags= mSideHint=NONE mBoundingRects=null}, InsetsSource: {45f90024 mType=systemGestures mFrame=[0,0][0,0] mVisible=false mFlags= mSideHint=NONE mBoundingRects=null}, InsetsSource: {58ae0000 mType=statusBars mFrame=[0,0][1968,89] mVisible=true mFlags=FORCE_CONSUMING mSideHint=TOP mBoundingRects=null}, InsetsSource: {58ae0005 mType=mandatorySystemGestures mFrame=[0,0][1968,89] mVisible=true mFlags= mSideHint=TOP mBoundingRects=null}, InsetsSource: {58ae0006 mType=tappableElement mFrame=[0,0][1968,89] mVisible=true mFlags= mSideHint=TOP mBoundingRects=null} }
03-08 16:33:59.253  6454  6454 I VRI[PopupWindow:5a5d5d1]@9a94607: synced displayState. AttachInfo displayState=2
03-08 16:33:59.253  6454  6454 I VRI[PopupWindow:5a5d5d1]@9a94607: setView = android.widget.PopupWindow$PopupDecorView@c97b446 IsHRR=false mFlingFrameRateChange=0 TM=true
03-08 16:33:59.253  6454  6476 D HWUI    : HWUI - treat SMPTE_170M as sRGB
03-08 16:33:59.256  6454  6454 W libc    : Access denied finding property "vendor.gpp.create_frc_extension"
03-08 16:33:59.256  6454  6454 I BufferQueueProducer: [](id:19360000006b,api:0,p:-858787152,c:6454) setDequeueTimeout:2077252342
03-08 16:33:59.256  6454  6454 I BLASTBufferQueue_Java: new BLASTBufferQueue, mName= VRI[PopupWindow:5a5d5d1]@9a94607 mNativeObject= 0xb4000077bcdfb570 caller= android.view.ViewRootImpl.updateBlastSurfaceIfNeeded:3570 android.view.ViewRootImpl.relayoutWindow:11614 android.view.ViewRootImpl.performTraversals:4755 android.view.ViewRootImpl.doTraversal:3904 android.view.ViewRootImpl$TraversalRunnable.run:12819 android.view.Choreographer$CallbackRecord.run:1901 android.view.Choreographer$CallbackRecord.run:1910 android.view.Choreographer.doCallbacks:1367 android.view.Choreographer.doFrame:1292 android.view.Choreographer$FrameDisplayEventReceiver.run:1870 
03-08 16:33:59.257  6454  6454 I BLASTBufferQueue_Java: update, w= 497 h= 144 mName = VRI[PopupWindow:5a5d5d1]@9a94607 mNativeObject= 0xb4000077bcdfb570 sc.mNativeObject= 0xb4000078ecd1c1d0 format= -2 caller= android.view.ViewRootImpl.updateBlastSurfaceIfNeeded:3575 android.view.ViewRootImpl.relayoutWindow:11614 android.view.ViewRootImpl.performTraversals:4755 android.view.ViewRootImpl.doTraversal:3904 android.view.ViewRootImpl$TraversalRunnable.run:12819 android.view.Choreographer$CallbackRecord.run:1901 
03-08 16:33:59.257  6454  6454 W libc    : Access denied finding property "vendor.gpp.create_frc_extension"
03-08 16:33:59.257  6454  6454 I VRI[PopupWindow:5a5d5d1]@9a94607: Relayout returned: old=(1211,418,1708,562) new=(1211,418,1708,562) relayoutAsync=false req=(497,144)0 dur=2 res=0x3 s={true 0xb4000077acd27e70} ch=true seqId=0
03-08 16:33:59.257  6454  6454 I VRI[PopupWindow:5a5d5d1]@9a94607: performConfigurationChange setNightDimText nightDimLevel=0
03-08 16:33:59.257  6454  6454 D VRI[PopupWindow:5a5d5d1]@9a94607: mThreadedRenderer.initialize() mSurface={isValid=true 0xb4000077acd27e70} hwInitialized=true
03-08 16:33:59.258  6454  6454 D VRI[PopupWindow:5a5d5d1]@9a94607: reportNextDraw android.view.ViewRootImpl.performTraversals:5394 android.view.ViewRootImpl.doTraversal:3904 android.view.ViewRootImpl$TraversalRunnable.run:12819 android.view.Choreographer$CallbackRecord.run:1901 android.view.Choreographer$CallbackRecord.run:1910 
03-08 16:33:59.258  6454  6454 D VRI[PopupWindow:5a5d5d1]@9a94607: Setup new sync=wmsSync-VRI[PopupWindow:5a5d5d1]@9a94607#98
03-08 16:33:59.258  6454  6454 I VRI[PopupWindow:5a5d5d1]@9a94607: Creating new active sync group VRI[PopupWindow:5a5d5d1]@9a94607#99
03-08 16:33:59.258  6454  6454 D VRI[PopupWindow:5a5d5d1]@9a94607: registerCallbacksForSync syncBuffer=false
03-08 16:33:59.258  6454  6493 D VRI[PopupWindow:5a5d5d1]@9a94607: Received frameDrawingCallback syncResult=0 frameNum=1.
03-08 16:33:59.258  6454  6493 I VRI[PopupWindow:5a5d5d1]@9a94607: mWNT: t=0xb4000078cccc6890 mBlastBufferQueue=0xb4000077bcdfb570 fn= 1 HdrRenderState mRenderHdrSdrRatio=1.0 caller= android.view.ViewRootImpl$12.onFrameDraw:15352 android.view.ThreadedRenderer$1.onFrameDraw:718 <bottom of call stack> 
03-08 16:33:59.258  6454  6493 I VRI[PopupWindow:5a5d5d1]@9a94607: Setting up sync and frameCommitCallback
03-08 16:33:59.259  6454  6476 I BLASTBufferQueue: [VRI[PopupWindow:5a5d5d1]@9a94607#107](f:0,a:0,s:0) onFrameAvailable the first frame is available
03-08 16:33:59.259  6454  6476 I SurfaceComposerClient: apply transaction with the first frame. layerId: 2815, bufferData(ID: 27719718928833, frameNumber: 1)
03-08 16:33:59.259  6454  6476 I VRI[PopupWindow:5a5d5d1]@9a94607: Received frameCommittedCallback lastAttemptedDrawFrameNum=1 didProduceBuffer=true
03-08 16:33:59.259  6454  6476 D HWUI    : CFMS:: SetUp Pid : 6454    Tid : 6476
03-08 16:33:59.259  6454  6454 D VRI[PopupWindow:5a5d5d1]@9a94607: reportDrawFinished seqId=0
03-08 16:33:59.259  6454  6454 I VRI[PopupWindow:5a5d5d1]@9a94607: handleResized, frames=ClientWindowFrames{frame=[1211,418][1708,562] display=[991,89][1968,638] parentFrame=[0,0][0,0] attachedFrame=[991,0][1968,638]} displayId=0 dragResizing=false compatScale=1.0 frameChanged=false attachedFrameChanged=false configChanged=false displayChanged=false compatScaleChanged=false dragResizingChanged=false
03-08 16:33:59.259  6454  6454 I VRI[PopupWindow:5a5d5d1]@9a94607: handleResized mSyncSeqId = 0
03-08 16:33:59.259  6454  6454 D VRI[PopupWindow:5a5d5d1]@9a94607: reportNextDraw android.view.ViewRootImpl.handleResized:2968 android.view.ViewRootImpl.-$$Nest$mhandleResized:0 android.view.ViewRootImpl$W.resized:13993 android.app.servertransaction.WindowStateResizeItem.execute:93 android.app.servertransaction.WindowStateTransactionItem.execute:62 
03-08 16:33:59.261  6454  6454 D VRI[PopupWindow:5a5d5d1]@9a94607: Setup new sync=wmsSync-VRI[PopupWindow:5a5d5d1]@9a94607#0
03-08 16:33:59.261  6454  6454 I VRI[PopupWindow:5a5d5d1]@9a94607: Creating new active sync group VRI[PopupWindow:5a5d5d1]@9a94607#1
03-08 16:33:59.261  6454  6454 D VRI[PopupWindow:5a5d5d1]@9a94607: registerCallbacksForSync syncBuffer=false
03-08 16:33:59.262  6454  6494 D VRI[PopupWindow:5a5d5d1]@9a94607: Received frameDrawingCallback syncResult=0 frameNum=2.
03-08 16:33:59.262  6454  6494 I VRI[PopupWindow:5a5d5d1]@9a94607: Setting up sync and frameCommitCallback
03-08 16:33:59.262  6454  6476 I VRI[PopupWindow:5a5d5d1]@9a94607: Received frameCommittedCallback lastAttemptedDrawFrameNum=2 didProduceBuffer=true
03-08 16:33:59.262  6454  6454 D VRI[PopupWindow:5a5d5d1]@9a94607: reportDrawFinished seqId=0
03-08 16:33:59.832  6454  6454 I VRI[PopupWindow:47de044]@76dfa62: ViewPostIme pointer 0
03-08 16:33:59.832  6454  6454 I VRI[PopupWindow:47de044]@76dfa62: call setFrameRateCategory for touch hint category=high hint, reason=touch, vri=VRI[PopupWindow:47de044]@76dfa62
03-08 16:33:59.854  6454  6454 I BLASTBufferQueue_Java: update, w= 108 h= 54 mName = VRI[PopupWindow:47de044]@76dfa62 mNativeObject= 0xb4000077bce126e0 sc.mNativeObject= 0xb4000078ecd2b7d0 format= -3 caller= android.view.ViewRootImpl.updateBlastSurfaceIfNeeded:3559 android.view.ViewRootImpl.relayoutWindow:11614 android.view.ViewRootImpl.performTraversals:4755 android.view.ViewRootImpl.doTraversal:3904 android.view.ViewRootImpl$TraversalRunnable.run:12819 android.view.Choreographer$CallbackRecord.run:1901 
03-08 16:33:59.854  6454  6454 I VRI[PopupWindow:47de044]@76dfa62: Relayout returned: old=(1864,341,1972,395) new=(1882,305,1990,359) relayoutAsync=true req=(108,54)0 dur=0 res=0x0 s={true 0xb4000077acd08850} ch=false seqId=0
03-08 16:33:59.854  6454  6454 I VRI[PopupWindow:47de044]@76dfa62: registerCallbackForPendingTransactions
03-08 16:33:59.854  6454  6493 I VRI[PopupWindow:47de044]@76dfa62: mWNT: t=0xb4000078ccd1db50 mBlastBufferQueue=0xb4000077bce126e0 fn= 3 HdrRenderState mRenderHdrSdrRatio=1.0 caller= android.view.ViewRootImpl$10.onFrameDraw:6487 android.view.ViewRootImpl$4.onFrameDraw:2474 android.view.ThreadedRenderer$1.onFrameDraw:718 
03-08 16:33:59.855  6454  6454 I View    : RoundedCornerOffset Pair{0 0}
03-08 16:33:59.871  6454  6454 I View    : RoundedCornerOffset Pair{0 0}
03-08 16:33:59.887  6454  6454 I View    : RoundedCornerOffset Pair{0 0}
03-08 16:33:59.904  6454  6454 I View    : RoundedCornerOffset Pair{0 0}
03-08 16:33:59.912  6454  6454 I BLASTBufferQueue_Java: update, w= 108 h= 54 mName = VRI[PopupWindow:47de044]@76dfa62 mNativeObject= 0xb4000077bce126e0 sc.mNativeObject= 0xb4000078ecd2b7d0 format= -3 caller= android.view.ViewRootImpl.updateBlastSurfaceIfNeeded:3559 android.view.ViewRootImpl.relayoutWindow:11614 android.view.ViewRootImpl.performTraversals:4755 android.view.ViewRootImpl.doTraversal:3904 android.view.ViewRootImpl$TraversalRunnable.run:12819 android.view.Choreographer$CallbackRecord.run:1901 
03-08 16:33:59.912  6454  6454 I VRI[PopupWindow:47de044]@76dfa62: Relayout returned: old=(1882,305,1990,359) new=(1882,341,1990,395) relayoutAsync=true req=(108,54)0 dur=0 res=0x0 s={true 0xb4000077acd08850} ch=false seqId=0
03-08 16:33:59.913  6454  6454 I VRI[PopupWindow:47de044]@76dfa62: registerCallbackForPendingTransactions
03-08 16:33:59.913  6454  6494 I VRI[PopupWindow:47de044]@76dfa62: mWNT: t=0xb4000078ccd99150 mBlastBufferQueue=0xb4000077bce126e0 fn= 4 HdrRenderState mRenderHdrSdrRatio=1.0 caller= android.view.ViewRootImpl$10.onFrameDraw:6487 android.view.ViewRootImpl$4.onFrameDraw:2474 android.view.ThreadedRenderer$1.onFrameDraw:718 
03-08 16:33:59.921  6454  6454 I View    : RoundedCornerOffset Pair{0 0}
03-08 16:33:59.937  6454  6454 I View    : RoundedCornerOffset Pair{0 0}
03-08 16:33:59.945  6454  6454 W WindowOnBackDispatcher: sendCancelIfRunning: isInProgress=false callback=android.widget.PopupWindow$PopupDecorView$$ExternalSyntheticLambda1@c8aced2
03-08 16:33:59.945  6454  6454 I WindowManager: WindowManagerGlobal#removeView, ty=1005, view=android.widget.PopupWindow$PopupDecorView{c97b446 V.E...... R......D 0,0-497,144}, caller=android.view.WindowManagerGlobal.removeView:654 android.view.WindowManagerImpl.removeViewImmediate:216 android.widget.PopupWindow.dismissImmediate:2417 
03-08 16:33:59.947  6454  6454 I VRI[PopupWindow:5a5d5d1]@9a94607: dispatchDetachedFromWindow
03-08 16:33:59.948  6454  6454 D InputTransport: Input channel destroyed: '5dca31 ', fd=157
03-08 16:33:59.954  6454  6454 I View    : RoundedCornerOffset Pair{0 0}
03-08 16:33:59.963  6454  6454 I BLASTBufferQueue_Java: update, w= 108 h= 54 mName = VRI[PopupWindow:47de044]@76dfa62 mNativeObject= 0xb4000077bce126e0 sc.mNativeObject= 0xb4000078ecd2b7d0 format= -3 caller= android.view.ViewRootImpl.updateBlastSurfaceIfNeeded:3559 android.view.ViewRootImpl.relayoutWindow:11614 android.view.ViewRootImpl.performTraversals:4755 android.view.ViewRootImpl.doTraversal:3904 android.view.ViewRootImpl$TraversalRunnable.run:12819 android.view.Choreographer$CallbackRecord.run:1901 
03-08 16:33:59.963  6454  6454 I VRI[PopupWindow:47de044]@76dfa62: Relayout returned: old=(1882,341,1990,395) new=(1882,377,1990,431) relayoutAsync=true req=(108,54)0 dur=0 res=0x0 s={true 0xb4000077acd08850} ch=false seqId=0
03-08 16:33:59.963  6454  6454 I VRI[PopupWindow:47de044]@76dfa62: registerCallbackForPendingTransactions
03-08 16:33:59.963  6454  6493 I VRI[PopupWindow:47de044]@76dfa62: mWNT: t=0xb4000078ccd98c10 mBlastBufferQueue=0xb4000077bce126e0 fn= 5 HdrRenderState mRenderHdrSdrRatio=1.0 caller= android.view.ViewRootImpl$10.onFrameDraw:6487 android.view.ViewRootImpl$4.onFrameDraw:2474 android.view.ThreadedRenderer$1.onFrameDraw:718 
03-08 16:33:59.971  6454  6454 I View    : RoundedCornerOffset Pair{0 0}
03-08 16:33:59.987  6454  6454 I View    : RoundedCornerOffset Pair{0 0}
03-08 16:34:00.004  6454  6454 I View    : RoundedCornerOffset Pair{0 0}
03-08 16:34:00.020  6454  6454 I View    : RoundedCornerOffset Pair{0 0}
03-08 16:34:00.037  6454  6454 I View    : RoundedCornerOffset Pair{0 0}
03-08 16:34:00.046  6454  6454 I BLASTBufferQueue_Java: update, w= 108 h= 54 mName = VRI[PopupWindow:47de044]@76dfa62 mNativeObject= 0xb4000077bce126e0 sc.mNativeObject= 0xb4000078ecd2b7d0 format= -3 caller= android.view.ViewRootImpl.updateBlastSurfaceIfNeeded:3559 android.view.ViewRootImpl.relayoutWindow:11614 android.view.ViewRootImpl.performTraversals:4755 android.view.ViewRootImpl.doTraversal:3904 android.view.ViewRootImpl$TraversalRunnable.run:12819 android.view.Choreographer$CallbackRecord.run:1901 
03-08 16:34:00.046  6454  6454 I VRI[PopupWindow:47de044]@76dfa62: Relayout returned: old=(1882,377,1990,431) new=(1882,413,1990,467) relayoutAsync=true req=(108,54)0 dur=0 res=0x0 s={true 0xb4000077acd08850} ch=false seqId=0
03-08 16:34:00.046  6454  6454 I VRI[PopupWindow:47de044]@76dfa62: registerCallbackForPendingTransactions
03-08 16:34:00.047  6454  6494 I VRI[PopupWindow:47de044]@76dfa62: mWNT: t=0xb4000078ccd97fd0 mBlastBufferQueue=0xb4000077bce126e0 fn= 6 HdrRenderState mRenderHdrSdrRatio=1.0 caller= android.view.ViewRootImpl$10.onFrameDraw:6487 android.view.ViewRootImpl$4.onFrameDraw:2474 android.view.ThreadedRenderer$1.onFrameDraw:718 
03-08 16:34:00.054  6454  6454 I View    : RoundedCornerOffset Pair{0 0}
03-08 16:34:00.070  6454  6454 I View    : RoundedCornerOffset Pair{0 0}
03-08 16:34:00.070  6454  6454 I VRI[PopupWindow:47de044]@76dfa62: ViewPostIme pointer 1
03-08 16:34:00.372  6454  6454 I WindowManager: WindowManagerGlobal#addView, ty=1005, view=android.widget.PopupWindow$PopupDecorView{98e3b91 V.E...... R.....I. 0,0-0,0}, caller=android.view.WindowManagerImpl.addView:158 android.widget.PopupWindow.invokePopup:1692 android.widget.PopupWindow.showAtLocation:1418 
03-08 16:34:00.372  6454  6454 D ViewRootImpl: desktopMode is false
03-08 16:34:00.372  6454  6454 I ViewRootImpl: dVRR is disabled
03-08 16:34:00.372  6454  6476 D NativeCustomFrequencyManager: [NativeCFMS] BpCustomFrequencyManager::BpCustomFrequencyManager()
03-08 16:34:00.376  6454  6454 D InputTransport: Input channel constructed: '27e0fc6', fd=165
03-08 16:34:00.376  6454  6493 E perf_hint: Session ID too large, must fit 32-bit integer
03-08 16:34:00.376  6454  6454 I InsetsController: onStateChanged: host=PopupWindow:5a5d5d1, from=android.view.ViewRootImpl.onInsetsStateChanged:3011, state=InsetsState: {mDisplayFrame=Rect(0, 0 - 1968, 2184), mDisplayCutout=DisplayCutout{insets=Rect(0, 88 - 0, 0) waterfall=Insets{left=0, top=0, right=0, bottom=0} boundingRect={Bounds=[Rect(0, 0 - 0, 0), Rect(1450, 0 - 1520, 88), Rect(0, 0 - 0, 0), Rect(0, 0 - 0, 0)]} cutoutPathParserInfo={CutoutPathParserInfo{displayWidth=1968 displayHeight=2184 physicalDisplayWidth=1968 physicalDisplayHeight=2184 density={2.625} cutoutSpec={M 190.8571428571429,0 M 190.8571428571429,6.857142857142857 a 13.33333333333333,13.33333333333333 0 1,0 0,26.66666666666667 a 13.33333333333333,13.33333333333333 0 1,0 0,-26.66666666666667 z @dp} rotation={0} scale={1.0} physicalPixelDisplaySizeRatio={1.0}}} sideOverrides={}}, mRoundedCorners=RoundedCorners{[RoundedCorner{position=TopLeft, radius=11, center=Point(11, 11)}, RoundedCorner{position=TopRight, radius=11, center=Point(1957, 11)}, RoundedCorner{position=BottomRight, radius=11, center=Point(1957, 2173)}, RoundedCorner{position=BottomLeft, radius=11, center=Point(11, 2173)}]}  mRoundedCornerFrame=Rect(991, 0 - 1968, 638), mPrivacyIndicatorBounds=PrivacyIndicatorBounds {static bounds=Rect(1869, 0 - 1968, 89) rotation=0}, mDisplayShape=DisplayShape{ spec=-311912193 displayWidth=1968 displayHeight=2184 physicalPixelDisplaySizeRatio=1.0 rotation=0 offsetX=0 offsetY=0 scale=1.0}, mSources= { InsetsSource: {2e7b0001 mType=navigationBars mFrame=[0,2076][1968,2184] mVisible=true mFlags=FORCE_CONSUMING mSideHint=BOTTOM mBoundingRects=null}, InsetsSource: {2e7b0004 mType=systemGestures mFrame=[0,0][0,0] mVisible=true mFlags= mSideHint=NONE mBoundingRects=null}, InsetsSource: {2e7b0005 mType=mandatorySystemGestures mFrame=[0,2076][1968,2184] mVisible=true mFlags= mSideHint=BOTTOM mBoundingRects=null}, InsetsSource: {2e7b0006 mType=tappableElement mFrame=[0,2076][1968,2184] mVisible=true mFlags= mSideHint=BOTTOM mBoundingRects=null}, InsetsSource: {2e7b0024 mType=systemGestures mFrame=[0,0][0,0] mVisible=true mFlags= mSideHint=NONE mBoundingRects=null}, InsetsSource: {45f90004 mType=systemGestures mFrame=[0,0][0,0] mVisible=false mFlags= mSideHint=NONE mBoundingRects=null}, InsetsSource: {45f90005 mType=mandatorySystemGestures mFrame=[0,0][0,0] mVisible=false mFlags= mSideHint=NONE mBoundingRects=null}, InsetsSource: {45f90006 mType=tappableElement mFrame=[0,0][0,0] mVisible=false mFlags= mSideHint=NONE mBoundingRects=null}, InsetsSource: {45f90024 mType=systemGestures mFrame=[0,0][0,0] mVisible=false mFlags= mSideHint=NONE mBoundingRects=null}, InsetsSource: {58ae0000 mType=statusBars mFrame=[0,0][1968,89] mVisible=true mFlags=FORCE_CONSUMING mSideHint=TOP mBoundingRects=null}, InsetsSource: {58ae0005 mType=mandatorySystemGestures mFrame=[0,0][1968,89] mVisible=true mFlags= mSideHint=TOP mBoundingRects=null}, InsetsSource: {58ae0006 mType=tappableElement mFrame=[0,0][1968,89] mVisible=true mFlags= mSideHint=TOP mBoundingRects=null} }
03-08 16:34:00.376  6454  6454 I VRI[PopupWindow:5a5d5d1]@adbbaf6: synced displayState. AttachInfo displayState=2
03-08 16:34:00.376  6454  6454 I VRI[PopupWindow:5a5d5d1]@adbbaf6: setView = android.widget.PopupWindow$PopupDecorView@98e3b91 IsHRR=false mFlingFrameRateChange=0 TM=true
03-08 16:34:00.376  6454  6476 D HWUI    : HWUI - treat SMPTE_170M as sRGB
03-08 16:34:00.381  6454  6454 W libc    : Access denied finding property "vendor.gpp.create_frc_extension"
03-08 16:34:00.381  6454  6454 I BufferQueueProducer: [](id:19360000006c,api:0,p:-858916848,c:6454) setDequeueTimeout:2077252342
03-08 16:34:00.381  6454  6454 I BLASTBufferQueue_Java: new BLASTBufferQueue, mName= VRI[PopupWindow:5a5d5d1]@adbbaf6 mNativeObject= 0xb4000077bcdfb570 caller= android.view.ViewRootImpl.updateBlastSurfaceIfNeeded:3570 android.view.ViewRootImpl.relayoutWindow:11614 android.view.ViewRootImpl.performTraversals:4755 android.view.ViewRootImpl.doTraversal:3904 android.view.ViewRootImpl$TraversalRunnable.run:12819 android.view.Choreographer$CallbackRecord.run:1901 android.view.Choreographer$CallbackRecord.run:1910 android.view.Choreographer.doCallbacks:1367 android.view.Choreographer.doFrame:1292 android.view.Choreographer$FrameDisplayEventReceiver.run:1870 
03-08 16:34:00.381  6454  6454 I BLASTBufferQueue_Java: update, w= 497 h= 144 mName = VRI[PopupWindow:5a5d5d1]@adbbaf6 mNativeObject= 0xb4000077bcdfb570 sc.mNativeObject= 0xb4000078ecd19e90 format= -2 caller= android.view.ViewRootImpl.updateBlastSurfaceIfNeeded:3575 android.view.ViewRootImpl.relayoutWindow:11614 android.view.ViewRootImpl.performTraversals:4755 android.view.ViewRootImpl.doTraversal:3904 android.view.ViewRootImpl$TraversalRunnable.run:12819 android.view.Choreographer$CallbackRecord.run:1901 
03-08 16:34:00.381  6454  6454 W libc    : Access denied finding property "vendor.gpp.create_frc_extension"
03-08 16:34:00.382  6454  6454 I VRI[PopupWindow:5a5d5d1]@adbbaf6: Relayout returned: old=(1229,490,1726,634) new=(1229,490,1726,634) relayoutAsync=false req=(497,144)0 dur=3 res=0x3 s={true 0xb4000077acd69150} ch=true seqId=0
03-08 16:34:00.382  6454  6454 I VRI[PopupWindow:5a5d5d1]@adbbaf6: performConfigurationChange setNightDimText nightDimLevel=0
03-08 16:34:00.382  6454  6454 D VRI[PopupWindow:5a5d5d1]@adbbaf6: mThreadedRenderer.initialize() mSurface={isValid=true 0xb4000077acd69150} hwInitialized=true
03-08 16:34:00.382  6454  6454 D VRI[PopupWindow:5a5d5d1]@adbbaf6: reportNextDraw android.view.ViewRootImpl.performTraversals:5394 android.view.ViewRootImpl.doTraversal:3904 android.view.ViewRootImpl$TraversalRunnable.run:12819 android.view.Choreographer$CallbackRecord.run:1901 android.view.Choreographer$CallbackRecord.run:1910 
03-08 16:34:00.382  6454  6454 D VRI[PopupWindow:5a5d5d1]@adbbaf6: Setup new sync=wmsSync-VRI[PopupWindow:5a5d5d1]@adbbaf6#2
03-08 16:34:00.382  6454  6454 I VRI[PopupWindow:5a5d5d1]@adbbaf6: Creating new active sync group VRI[PopupWindow:5a5d5d1]@adbbaf6#3
03-08 16:34:00.382  6454  6454 D VRI[PopupWindow:5a5d5d1]@adbbaf6: registerCallbacksForSync syncBuffer=false
03-08 16:34:00.383  6454  6494 D VRI[PopupWindow:5a5d5d1]@adbbaf6: Received frameDrawingCallback syncResult=0 frameNum=1.
03-08 16:34:00.383  6454  6494 I VRI[PopupWindow:5a5d5d1]@adbbaf6: mWNT: t=0xb4000078ccd2e8d0 mBlastBufferQueue=0xb4000077bcdfb570 fn= 1 HdrRenderState mRenderHdrSdrRatio=1.0 caller= android.view.ViewRootImpl$12.onFrameDraw:15352 android.view.ThreadedRenderer$1.onFrameDraw:718 <bottom of call stack> 
03-08 16:34:00.383  6454  6494 I VRI[PopupWindow:5a5d5d1]@adbbaf6: Setting up sync and frameCommitCallback
03-08 16:34:00.383  6454  6476 I BLASTBufferQueue: [VRI[PopupWindow:5a5d5d1]@adbbaf6#108](f:0,a:0,s:0) onFrameAvailable the first frame is available
03-08 16:34:00.383  6454  6476 I SurfaceComposerClient: apply transaction with the first frame. layerId: 2817, bufferData(ID: 27719718928836, frameNumber: 1)
03-08 16:34:00.384  6454  6476 I VRI[PopupWindow:5a5d5d1]@adbbaf6: Received frameCommittedCallback lastAttemptedDrawFrameNum=1 didProduceBuffer=true
03-08 16:34:00.384  6454  6476 D HWUI    : CFMS:: SetUp Pid : 6454    Tid : 6476
03-08 16:34:00.384  6454  6454 D VRI[PopupWindow:5a5d5d1]@adbbaf6: reportDrawFinished seqId=0
03-08 16:34:00.384  6454  6454 I VRI[TermuxActivity]@ee2aa1e: call setFrameRateCategory for touch hint category=no preference, reason=boost timeout, vri=VRI[TermuxActivity]@ee2aa1e
03-08 16:34:00.384  6454  6454 I VRI[PopupWindow:5a5d5d1]@adbbaf6: handleResized, frames=ClientWindowFrames{frame=[1229,490][1726,634] display=[991,89][1968,638] parentFrame=[0,0][0,0] attachedFrame=[991,0][1968,638]} displayId=0 dragResizing=false compatScale=1.0 frameChanged=false attachedFrameChanged=false configChanged=false displayChanged=false compatScaleChanged=false dragResizingChanged=false
03-08 16:34:00.384  6454  6454 I VRI[PopupWindow:5a5d5d1]@adbbaf6: handleResized mSyncSeqId = 0
03-08 16:34:00.384  6454  6454 D VRI[PopupWindow:5a5d5d1]@adbbaf6: reportNextDraw android.view.ViewRootImpl.handleResized:2968 android.view.ViewRootImpl.-$$Nest$mhandleResized:0 android.view.ViewRootImpl$W.resized:13993 android.app.servertransaction.WindowStateResizeItem.execute:93 android.app.servertransaction.WindowStateTransactionItem.execute:62 
03-08 16:34:00.386  6454  6454 D VRI[PopupWindow:5a5d5d1]@adbbaf6: Setup new sync=wmsSync-VRI[PopupWindow:5a5d5d1]@adbbaf6#4
03-08 16:34:00.387  6454  6454 I VRI[PopupWindow:5a5d5d1]@adbbaf6: Creating new active sync group VRI[PopupWindow:5a5d5d1]@adbbaf6#5
03-08 16:34:00.387  6454  6454 D VRI[PopupWindow:5a5d5d1]@adbbaf6: registerCallbacksForSync syncBuffer=false
03-08 16:34:00.387  6454  6493 D VRI[PopupWindow:5a5d5d1]@adbbaf6: Received frameDrawingCallback syncResult=0 frameNum=2.
03-08 16:34:00.387  6454  6493 I VRI[PopupWindow:5a5d5d1]@adbbaf6: Setting up sync and frameCommitCallback
03-08 16:34:00.388  6454  6476 I VRI[PopupWindow:5a5d5d1]@adbbaf6: Received frameCommittedCallback lastAttemptedDrawFrameNum=2 didProduceBuffer=true
03-08 16:34:00.388  6454  6454 D VRI[PopupWindow:5a5d5d1]@adbbaf6: reportDrawFinished seqId=0
03-08 16:34:01.948  6454  6454 I VRI[PopupWindow:b1247b]@84c0af1: call setFrameRateCategory for touch hint category=no preference, reason=boost timeout, vri=VRI[PopupWindow:b1247b]@84c0af1
03-08 16:34:02.209  6454  6454 I VRI[TermuxActivity]@ee2aa1e: ViewPostIme pointer 0
03-08 16:34:02.210  6454  6454 I GestureDetector: obtain mCurrentDownEvent. id: 1001644316 caller: com.termux.app.extrakeys.ExtraKeyButton.onTouchEvent:5 com.termux.view.TerminalView.onTouchEvent:22 android.view.View.performOnTouchCallback:17234 
03-08 16:34:02.210  6454  6454 I VRI[TermuxActivity]@ee2aa1e: call setFrameRateCategory for touch hint category=high hint, reason=touch, vri=VRI[TermuxActivity]@ee2aa1e
03-08 16:34:02.220  6454  6454 I GestureDetector: obtain mCurrentMotionEventRaw. action: 2 id: 867105357
03-08 16:34:02.320  6454  6454 I BLASTBufferQueue_Java: update, w= 108 h= 54 mName = VRI[PopupWindow:b1247b]@84c0af1 mNativeObject= 0xb4000077bce15710 sc.mNativeObject= 0xb4000078ecd281d0 format= -3 caller= android.view.ViewRootImpl.updateBlastSurfaceIfNeeded:3559 android.view.ViewRootImpl.relayoutWindow:11614 android.view.ViewRootImpl.performTraversals:4755 android.view.ViewRootImpl.doTraversal:3904 android.view.ViewRootImpl$TraversalRunnable.run:12819 android.view.Choreographer$CallbackRecord.run:1901 
03-08 16:34:02.320  6454  6454 I VRI[PopupWindow:b1247b]@84c0af1: Relayout returned: old=(910,197,1018,251) new=(910,233,1018,287) relayoutAsync=true req=(108,54)0 dur=0 res=0x0 s={true 0xb4000077acd71210} ch=false seqId=0
03-08 16:34:02.320  6454  6454 I VRI[PopupWindow:b1247b]@84c0af1: registerCallbackForPendingTransactions
03-08 16:34:02.321  6454  6494 I VRI[PopupWindow:b1247b]@84c0af1: mWNT: t=0xb4000078cccd93d0 mBlastBufferQueue=0xb4000077bce15710 fn= 19 HdrRenderState mRenderHdrSdrRatio=1.0 caller= android.view.ViewRootImpl$10.onFrameDraw:6487 android.view.ViewRootImpl$4.onFrameDraw:2474 android.view.ThreadedRenderer$1.onFrameDraw:718 
03-08 16:34:02.321  6454  6454 I BLASTBufferQueue_Java: update, w= 108 h= 54 mName = VRI[PopupWindow:47de044]@76dfa62 mNativeObject= 0xb4000077bce126e0 sc.mNativeObject= 0xb4000078ecd2b7d0 format= -3 caller= android.view.ViewRootImpl.updateBlastSurfaceIfNeeded:3559 android.view.ViewRootImpl.relayoutWindow:11614 android.view.ViewRootImpl.performTraversals:4755 android.view.ViewRootImpl.doTraversal:3904 android.view.ViewRootImpl$TraversalRunnable.run:12819 android.view.Choreographer$CallbackRecord.run:1901 
03-08 16:34:02.321  6454  6454 I VRI[PopupWindow:47de044]@76dfa62: Relayout returned: old=(1882,413,1990,467) new=(1882,449,1990,503) relayoutAsync=true req=(108,54)0 dur=1 res=0x0 s={true 0xb4000077acd08850} ch=false seqId=0
03-08 16:34:02.322  6454  6454 I VRI[PopupWindow:47de044]@76dfa62: registerCallbackForPendingTransactions
03-08 16:34:02.322  6454  6493 I VRI[PopupWindow:47de044]@76dfa62: mWNT: t=0xb4000078ccd88590 mBlastBufferQueue=0xb4000077bce126e0 fn= 7 HdrRenderState mRenderHdrSdrRatio=1.0 caller= android.view.ViewRootImpl$10.onFrameDraw:6487 android.view.ViewRootImpl$4.onFrameDraw:2474 android.view.ThreadedRenderer$1.onFrameDraw:718 
03-08 16:34:02.322  6454  6454 I View    : RoundedCornerOffset Pair{0 0}
03-08 16:34:02.328  6454  6454 W WindowOnBackDispatcher: sendCancelIfRunning: isInProgress=false callback=android.widget.PopupWindow$PopupDecorView$$ExternalSyntheticLambda1@bc9ffcd
03-08 16:34:02.328  6454  6454 I WindowManager: WindowManagerGlobal#removeView, ty=1005, view=android.widget.PopupWindow$PopupDecorView{98e3b91 V.E...... R......D 0,0-497,144}, caller=android.view.WindowManagerGlobal.removeView:654 android.view.WindowManagerImpl.removeViewImmediate:216 android.widget.PopupWindow.dismissImmediate:2417 
03-08 16:34:02.330  6454  6454 I VRI[PopupWindow:5a5d5d1]@adbbaf6: dispatchDetachedFromWindow
03-08 16:34:02.331  6454  6454 D InputTransport: Input channel destroyed: '27e0fc6', fd=165
03-08 16:34:02.378  6454  6454 W WindowOnBackDispatcher: sendCancelIfRunning: isInProgress=false callback=android.widget.PopupWindow$PopupDecorView$$ExternalSyntheticLambda1@adc571a
03-08 16:34:02.378  6454  6454 I WindowManager: WindowManagerGlobal#removeView, ty=1002, view=android.widget.PopupWindow$PopupDecorView{c85652d V.E...... R....... 0,0-108,54}, caller=android.view.WindowManagerGlobal.removeView:654 android.view.WindowManagerImpl.removeViewImmediate:216 android.widget.PopupWindow.dismissImmediate:2417 
03-08 16:34:02.380  6454  6454 I VRI[PopupWindow:47de044]@76dfa62: dispatchDetachedFromWindow
03-08 16:34:02.382  6454  6454 D InputTransport: Input channel destroyed: '410ed06', fd=144
03-08 16:34:02.386  6454  6454 I BLASTBufferQueue_Java: update, w= 108 h= 54 mName = VRI[PopupWindow:b1247b]@84c0af1 mNativeObject= 0xb4000077bce15710 sc.mNativeObject= 0xb4000078ecd281d0 format= -3 caller= android.view.ViewRootImpl.updateBlastSurfaceIfNeeded:3559 android.view.ViewRootImpl.relayoutWindow:11614 android.view.ViewRootImpl.performTraversals:4755 android.view.ViewRootImpl.doTraversal:3904 android.view.ViewRootImpl$TraversalRunnable.run:12819 android.view.Choreographer$CallbackRecord.run:1901 
03-08 16:34:02.386  6454  6454 I VRI[PopupWindow:b1247b]@84c0af1: Relayout returned: old=(910,233,1018,287) new=(910,269,1018,323) relayoutAsync=true req=(108,54)0 dur=0 res=0x0 s={true 0xb4000077acd71210} ch=false seqId=0
03-08 16:34:02.387  6454  6454 I VRI[PopupWindow:b1247b]@84c0af1: registerCallbackForPendingTransactions
03-08 16:34:02.387  6454  6494 I VRI[PopupWindow:b1247b]@84c0af1: mWNT: t=0xb4000078ccd550d0 mBlastBufferQueue=0xb4000077bce15710 fn= 20 HdrRenderState mRenderHdrSdrRatio=1.0 caller= android.view.ViewRootImpl$10.onFrameDraw:6487 android.view.ViewRootImpl$4.onFrameDraw:2474 android.view.ThreadedRenderer$1.onFrameDraw:718 
03-08 16:34:02.387  6454  6454 I View    : RoundedCornerOffset Pair{0 0}
03-08 16:34:02.495  6454  6454 I BLASTBufferQueue_Java: update, w= 108 h= 54 mName = VRI[PopupWindow:b1247b]@84c0af1 mNativeObject= 0xb4000077bce15710 sc.mNativeObject= 0xb4000078ecd281d0 format= -3 caller= android.view.ViewRootImpl.updateBlastSurfaceIfNeeded:3559 android.view.ViewRootImpl.relayoutWindow:11614 android.view.ViewRootImpl.performTraversals:4755 android.view.ViewRootImpl.doTraversal:3904 android.view.ViewRootImpl$TraversalRunnable.run:12819 android.view.Choreographer$CallbackRecord.run:1901 
03-08 16:34:02.495  6454  6454 I VRI[PopupWindow:b1247b]@84c0af1: Relayout returned: old=(910,269,1018,323) new=(910,305,1018,359) relayoutAsync=true req=(108,54)0 dur=0 res=0x0 s={true 0xb4000077acd71210} ch=false seqId=0
03-08 16:34:02.495  6454  6454 I VRI[PopupWindow:b1247b]@84c0af1: registerCallbackForPendingTransactions
03-08 16:34:02.496  6454  6493 I VRI[PopupWindow:b1247b]@84c0af1: mWNT: t=0xb4000078ccd4cbd0 mBlastBufferQueue=0xb4000077bce15710 fn= 21 HdrRenderState mRenderHdrSdrRatio=1.0 caller= android.view.ViewRootImpl$10.onFrameDraw:6487 android.view.ViewRootImpl$4.onFrameDraw:2474 android.view.ThreadedRenderer$1.onFrameDraw:718 
03-08 16:34:02.496  6454  6454 I View    : RoundedCornerOffset Pair{0 0}
03-08 16:34:02.762  6454  6454 I VRI[TermuxActivity]@ee2aa1e: ViewPostIme pointer 1
03-08 16:34:02.903  6454  6454 I View    : RoundedCornerOffset Pair{0 0}
03-08 16:34:02.920  6454  6454 I View    : RoundedCornerOffset Pair{0 0}
03-08 16:34:02.936  6454  6454 I View    : RoundedCornerOffset Pair{0 0}
03-08 16:34:02.953  6454  6454 I View    : RoundedCornerOffset Pair{0 0}
03-08 16:34:02.970  6454  6454 I View    : RoundedCornerOffset Pair{0 0}
03-08 16:34:02.986  6454  6454 I View    : RoundedCornerOffset Pair{0 0}
03-08 16:34:03.003  6454  6454 I View    : RoundedCornerOffset Pair{0 0}
03-08 16:34:03.020  6454  6454 I View    : RoundedCornerOffset Pair{0 0}
03-08 16:34:03.036  6454  6454 I View    : RoundedCornerOffset Pair{0 0}
03-08 16:34:03.053  6454  6454 I View    : RoundedCornerOffset Pair{0 0}
03-08 16:34:03.070  6454  6454 I View    : RoundedCornerOffset Pair{0 0}
03-08 16:34:03.071  6454  6454 I WindowManager: WindowManagerGlobal#addView, ty=1005, view=android.widget.PopupWindow$PopupDecorView{9242b01 V.E...... R.....I. 0,0-0,0}, caller=android.view.WindowManagerImpl.addView:158 android.widget.PopupWindow.invokePopup:1692 android.widget.PopupWindow.showAtLocation:1418 
03-08 16:34:03.071  6454  6454 D ViewRootImpl: desktopMode is false
03-08 16:34:03.071  6454  6454 I ViewRootImpl: dVRR is disabled
03-08 16:34:03.071  6454  6476 D NativeCustomFrequencyManager: [NativeCFMS] BpCustomFrequencyManager::BpCustomFrequencyManager()
03-08 16:34:03.074  6454  6454 D InputTransport: Input channel constructed: '77b5e4e', fd=151
03-08 16:34:03.075  6454  6494 E perf_hint: Session ID too large, must fit 32-bit integer
03-08 16:34:03.075  6454  6454 I InsetsController: onStateChanged: host=PopupWindow:5a5d5d1, from=android.view.ViewRootImpl.onInsetsStateChanged:3011, state=InsetsState: {mDisplayFrame=Rect(0, 0 - 1968, 2184), mDisplayCutout=DisplayCutout{insets=Rect(0, 88 - 0, 0) waterfall=Insets{left=0, top=0, right=0, bottom=0} boundingRect={Bounds=[Rect(0, 0 - 0, 0), Rect(1450, 0 - 1520, 88), Rect(0, 0 - 0, 0), Rect(0, 0 - 0, 0)]} cutoutPathParserInfo={CutoutPathParserInfo{displayWidth=1968 displayHeight=2184 physicalDisplayWidth=1968 physicalDisplayHeight=2184 density={2.625} cutoutSpec={M 190.8571428571429,0 M 190.8571428571429,6.857142857142857 a 13.33333333333333,13.33333333333333 0 1,0 0,26.66666666666667 a 13.33333333333333,13.33333333333333 0 1,0 0,-26.66666666666667 z @dp} rotation={0} scale={1.0} physicalPixelDisplaySizeRatio={1.0}}} sideOverrides={}}, mRoundedCorners=RoundedCorners{[RoundedCorner{position=TopLeft, radius=11, center=Point(11, 11)}, RoundedCorner{position=TopRight, radius=11, center=Point(1957, 11)}, RoundedCorner{position=BottomRight, radius=11, center=Point(1957, 2173)}, RoundedCorner{position=BottomLeft, radius=11, center=Point(11, 2173)}]}  mRoundedCornerFrame=Rect(991, 0 - 1968, 638), mPrivacyIndicatorBounds=PrivacyIndicatorBounds {static bounds=Rect(1869, 0 - 1968, 89) rotation=0}, mDisplayShape=DisplayShape{ spec=-311912193 displayWidth=1968 displayHeight=2184 physicalPixelDisplaySizeRatio=1.0 rotation=0 offsetX=0 offsetY=0 scale=1.0}, mSources= { InsetsSource: {2e7b0001 mType=navigationBars mFrame=[0,2076][1968,2184] mVisible=true mFlags=FORCE_CONSUMING mSideHint=BOTTOM mBoundingRects=null}, InsetsSource: {2e7b0004 mType=systemGestures mFrame=[0,0][0,0] mVisible=true mFlags= mSideHint=NONE mBoundingRects=null}, InsetsSource: {2e7b0005 mType=mandatorySystemGestures mFrame=[0,2076][1968,2184] mVisible=true mFlags= mSideHint=BOTTOM mBoundingRects=null}, InsetsSource: {2e7b0006 mType=tappableElement mFrame=[0,2076][1968,2184] mVisible=true mFlags= mSideHint=BOTTOM mBoundingRects=null}, InsetsSource: {2e7b0024 mType=systemGestures mFrame=[0,0][0,0] mVisible=true mFlags= mSideHint=NONE mBoundingRects=null}, InsetsSource: {45f90004 mType=systemGestures mFrame=[0,0][0,0] mVisible=false mFlags= mSideHint=NONE mBoundingRects=null}, InsetsSource: {45f90005 mType=mandatorySystemGestures mFrame=[0,0][0,0] mVisible=false mFlags= mSideHint=NONE mBoundingRects=null}, InsetsSource: {45f90006 mType=tappableElement mFrame=[0,0][0,0] mVisible=false mFlags= mSideHint=NONE mBoundingRects=null}, InsetsSource: {45f90024 mType=systemGestures mFrame=[0,0][0,0] mVisible=false mFlags= mSideHint=NONE mBoundingRects=null}, InsetsSource: {58ae0000 mType=statusBars mFrame=[0,0][1968,89] mVisible=true mFlags=FORCE_CONSUMING mSideHint=TOP mBoundingRects=null}, InsetsSource: {58ae0005 mType=mandatorySystemGestures mFrame=[0,0][1968,89] mVisible=true mFlags= mSideHint=TOP mBoundingRects=null}, InsetsSource: {58ae0006 mType=tappableElement mFrame=[0,0][1968,89] mVisible=true mFlags= mSideHint=TOP mBoundingRects=null} }
03-08 16:34:03.075  6454  6454 I VRI[PopupWindow:5a5d5d1]@d46cda6: synced displayState. AttachInfo displayState=2
03-08 16:34:03.075  6454  6454 I VRI[PopupWindow:5a5d5d1]@d46cda6: setView = android.widget.PopupWindow$PopupDecorView@9242b01 IsHRR=false mFlingFrameRateChange=0 TM=true
03-08 16:34:03.081  6454  6454 W libc    : Access denied finding property "vendor.gpp.create_frc_extension"
03-08 16:34:03.082  6454  6454 I BufferQueueProducer: [](id:19360000006d,api:0,p:-858909744,c:6454) setDequeueTimeout:2077252342
03-08 16:34:03.082  6454  6454 I BLASTBufferQueue_Java: new BLASTBufferQueue, mName= VRI[PopupWindow:5a5d5d1]@d46cda6 mNativeObject= 0xb4000077bcdf5510 caller= android.view.ViewRootImpl.updateBlastSurfaceIfNeeded:3570 android.view.ViewRootImpl.relayoutWindow:11614 android.view.ViewRootImpl.performTraversals:4755 android.view.ViewRootImpl.doTraversal:3904 android.view.ViewRootImpl$TraversalRunnable.run:12819 android.view.Choreographer$CallbackRecord.run:1901 android.view.Choreographer$CallbackRecord.run:1910 android.view.Choreographer.doCallbacks:1367 android.view.Choreographer.doFrame:1292 android.view.Choreographer$FrameDisplayEventReceiver.run:1870 
03-08 16:34:03.082  6454  6454 I BLASTBufferQueue_Java: update, w= 497 h= 144 mName = VRI[PopupWindow:5a5d5d1]@d46cda6 mNativeObject= 0xb4000077bcdf5510 sc.mNativeObject= 0xb4000078ecd2b7d0 format= -2 caller= android.view.ViewRootImpl.updateBlastSurfaceIfNeeded:3575 android.view.ViewRootImpl.relayoutWindow:11614 android.view.ViewRootImpl.performTraversals:4755 android.view.ViewRootImpl.doTraversal:3904 android.view.ViewRootImpl$TraversalRunnable.run:12819 android.view.Choreographer$CallbackRecord.run:1901 
03-08 16:34:03.082  6454  6454 W libc    : Access denied finding property "vendor.gpp.create_frc_extension"
03-08 16:34:03.082  6454  6454 I VRI[PopupWindow:5a5d5d1]@d46cda6: Relayout returned: old=(1229,166,1726,310) new=(1229,166,1726,310) relayoutAsync=false req=(497,144)0 dur=2 res=0x3 s={true 0xb4000077acd69150} ch=true seqId=0
03-08 16:34:03.082  6454  6454 I VRI[PopupWindow:5a5d5d1]@d46cda6: performConfigurationChange setNightDimText nightDimLevel=0
03-08 16:34:03.083  6454  6454 D VRI[PopupWindow:5a5d5d1]@d46cda6: mThreadedRenderer.initialize() mSurface={isValid=true 0xb4000077acd69150} hwInitialized=true
03-08 16:34:03.083  6454  6454 D VRI[PopupWindow:5a5d5d1]@d46cda6: reportNextDraw android.view.ViewRootImpl.performTraversals:5394 android.view.ViewRootImpl.doTraversal:3904 android.view.ViewRootImpl$TraversalRunnable.run:12819 android.view.Choreographer$CallbackRecord.run:1901 android.view.Choreographer$CallbackRecord.run:1910 
03-08 16:34:03.083  6454  6454 D VRI[PopupWindow:5a5d5d1]@d46cda6: Setup new sync=wmsSync-VRI[PopupWindow:5a5d5d1]@d46cda6#6
03-08 16:34:03.083  6454  6454 I VRI[PopupWindow:5a5d5d1]@d46cda6: Creating new active sync group VRI[PopupWindow:5a5d5d1]@d46cda6#7
03-08 16:34:03.083  6454  6454 D VRI[PopupWindow:5a5d5d1]@d46cda6: registerCallbacksForSync syncBuffer=false
03-08 16:34:03.084  6454  6493 D VRI[PopupWindow:5a5d5d1]@d46cda6: Received frameDrawingCallback syncResult=0 frameNum=1.
03-08 16:34:03.084  6454  6493 I VRI[PopupWindow:5a5d5d1]@d46cda6: mWNT: t=0xb4000078ccd58e10 mBlastBufferQueue=0xb4000077bcdf5510 fn= 1 HdrRenderState mRenderHdrSdrRatio=1.0 caller= android.view.ViewRootImpl$12.onFrameDraw:15352 android.view.ThreadedRenderer$1.onFrameDraw:718 <bottom of call stack> 
03-08 16:34:03.084  6454  6493 I VRI[PopupWindow:5a5d5d1]@d46cda6: Setting up sync and frameCommitCallback
03-08 16:34:03.085  6454  6476 I BLASTBufferQueue: [VRI[PopupWindow:5a5d5d1]@d46cda6#109](f:0,a:0,s:0) onFrameAvailable the first frame is available
03-08 16:34:03.085  6454  6476 I SurfaceComposerClient: apply transaction with the first frame. layerId: 2819, bufferData(ID: 27719718928840, frameNumber: 1)
03-08 16:34:03.085  6454  6476 I VRI[PopupWindow:5a5d5d1]@d46cda6: Received frameCommittedCallback lastAttemptedDrawFrameNum=1 didProduceBuffer=true
03-08 16:34:03.086  6454  6476 D HWUI    : CFMS:: SetUp Pid : 6454    Tid : 6476
03-08 16:34:03.086  6454  6454 D VRI[PopupWindow:5a5d5d1]@d46cda6: reportDrawFinished seqId=0
03-08 16:34:03.086  6454  6476 D HWUI    : HWUI - treat SMPTE_170M as sRGB
03-08 16:34:03.086  6454  6454 I View    : RoundedCornerOffset Pair{0 0}
03-08 16:34:03.087  6454  6454 I VRI[PopupWindow:5a5d5d1]@d46cda6: handleResized, frames=ClientWindowFrames{frame=[1229,166][1726,310] display=[991,89][1968,638] parentFrame=[0,0][0,0] attachedFrame=[991,0][1968,638]} displayId=0 dragResizing=false compatScale=1.0 frameChanged=false attachedFrameChanged=false configChanged=false displayChanged=false compatScaleChanged=false dragResizingChanged=false
03-08 16:34:03.087  6454  6454 I VRI[PopupWindow:5a5d5d1]@d46cda6: handleResized mSyncSeqId = 0
03-08 16:34:03.088  6454  6454 D VRI[PopupWindow:5a5d5d1]@d46cda6: reportNextDraw android.view.ViewRootImpl.handleResized:2968 android.view.ViewRootImpl.-$$Nest$mhandleResized:0 android.view.ViewRootImpl$W.resized:13993 android.app.servertransaction.WindowStateResizeItem.execute:93 android.app.servertransaction.WindowStateTransactionItem.execute:62 
